Component: ARM Compiler 5.06 update 5 (build 528) Tool: armlink [4d35e2]

==============================================================================

Section Cross References

    startup_stm32g431xx.o(STACK) refers (Special) to heapauxi.o(.text) for __use_two_region_memory
    startup_stm32g431xx.o(HEAP) refers (Special) to heapauxi.o(.text) for __use_two_region_memory
    startup_stm32g431xx.o(RESET) refers (Special) to heapauxi.o(.text) for __use_two_region_memory
    startup_stm32g431xx.o(RESET) refers to startup_stm32g431xx.o(STACK) for __initial_sp
    startup_stm32g431xx.o(RESET) refers to startup_stm32g431xx.o(.text) for Reset_Handler
    startup_stm32g431xx.o(RESET) refers to stm32g4xx_it.o(i.NMI_Handler) for NMI_Handler
    startup_stm32g431xx.o(RESET) refers to stm32g4xx_it.o(i.HardFault_Handler) for HardFault_Handler
    startup_stm32g431xx.o(RESET) refers to stm32g4xx_it.o(i.MemManage_Handler) for MemManage_Handler
    startup_stm32g431xx.o(RESET) refers to stm32g4xx_it.o(i.BusFault_Handler) for BusFault_Handler
    startup_stm32g431xx.o(RESET) refers to stm32g4xx_it.o(i.UsageFault_Handler) for UsageFault_Handler
    startup_stm32g431xx.o(RESET) refers to stm32g4xx_it.o(i.SVC_Handler) for SVC_Handler
    startup_stm32g431xx.o(RESET) refers to stm32g4xx_it.o(i.DebugMon_Handler) for DebugMon_Handler
    startup_stm32g431xx.o(RESET) refers to stm32g4xx_it.o(i.PendSV_Handler) for PendSV_Handler
    startup_stm32g431xx.o(RESET) refers to stm32g4xx_it.o(i.SysTick_Handler) for SysTick_Handler
    startup_stm32g431xx.o(RESET) refers to stm32g4xx_it.o(i.TIM2_IRQHandler) for TIM2_IRQHandler
    startup_stm32g431xx.o(RESET) refers to stm32g4xx_it.o(i.TIM3_IRQHandler) for TIM3_IRQHandler
    startup_stm32g431xx.o(RESET) refers to stm32g4xx_it.o(i.TIM4_IRQHandler) for TIM4_IRQHandler
    startup_stm32g431xx.o(.text) refers (Special) to heapauxi.o(.text) for __use_two_region_memory
    startup_stm32g431xx.o(.text) refers to system_stm32g4xx.o(i.SystemInit) for SystemInit
    startup_stm32g431xx.o(.text) refers to __main.o(!!!main) for __main
    startup_stm32g431xx.o(.text) refers to startup_stm32g431xx.o(HEAP) for Heap_Mem
    startup_stm32g431xx.o(.text) refers to startup_stm32g431xx.o(STACK) for Stack_Mem
    main.o(i.SystemClock_Config) refers to rt_memclr_w.o(.text) for __aeabi_memclr4
    main.o(i.SystemClock_Config) refers to stm32g4xx_hal_pwr_ex.o(i.HAL_PWREx_ControlVoltageScaling) for HAL_PWREx_ControlVoltageScaling
    main.o(i.SystemClock_Config) refers to stm32g4xx_hal_rcc.o(i.HAL_RCC_OscConfig) for HAL_RCC_OscConfig
    main.o(i.SystemClock_Config) refers to stm32g4xx_hal_rcc.o(i.HAL_RCC_ClockConfig) for HAL_RCC_ClockConfig
    main.o(i.main) refers to stm32g4xx_hal.o(i.HAL_Init) for HAL_Init
    main.o(i.main) refers to main.o(i.SystemClock_Config) for SystemClock_Config
    main.o(i.main) refers to gpio.o(i.MX_GPIO_Init) for MX_GPIO_Init
    main.o(i.main) refers to tim.o(i.MX_TIM2_Init) for MX_TIM2_Init
    main.o(i.main) refers to tim.o(i.MX_TIM3_Init) for MX_TIM3_Init
    main.o(i.main) refers to tim.o(i.MX_TIM4_Init) for MX_TIM4_Init
    main.o(i.main) refers to lcd.o(i.LCD_Init) for LCD_Init
    main.o(i.main) refers to lcd.o(i.LCD_Clear) for LCD_Clear
    main.o(i.main) refers to lcd.o(i.LCD_SetBackColor) for LCD_SetBackColor
    main.o(i.main) refers to lcd.o(i.LCD_SetTextColor) for LCD_SetTextColor
    main.o(i.main) refers to stm32g4xx_hal_tim.o(i.HAL_TIM_IC_Start_IT) for HAL_TIM_IC_Start_IT
    main.o(i.main) refers to stm32g4xx_hal_tim.o(i.HAL_TIM_Base_Start_IT) for HAL_TIM_Base_Start_IT
    main.o(i.main) refers to fun.o(i.led_show) for led_show
    main.o(i.main) refers to fun.o(i.lcd_show) for lcd_show
    main.o(i.main) refers to fun.o(i.key_scan) for key_scan
    main.o(i.main) refers to fun.o(i.change) for change
    main.o(i.main) refers to fun.o(i.led_pro) for led_pro
    main.o(i.main) refers to tim.o(.bss) for htim2
    gpio.o(i.MX_GPIO_Init) refers to rt_memclr_w.o(.text) for __aeabi_memclr4
    gpio.o(i.MX_GPIO_Init) refers to stm32g4xx_hal_gpio.o(i.HAL_GPIO_WritePin) for HAL_GPIO_WritePin
    gpio.o(i.MX_GPIO_Init) refers to stm32g4xx_hal_gpio.o(i.HAL_GPIO_Init) for HAL_GPIO_Init
    tim.o(i.HAL_TIM_Base_MspDeInit) refers to stm32g4xx_hal_cortex.o(i.HAL_NVIC_DisableIRQ) for HAL_NVIC_DisableIRQ
    tim.o(i.HAL_TIM_Base_MspInit) refers to stm32g4xx_hal_cortex.o(i.HAL_NVIC_SetPriority) for HAL_NVIC_SetPriority
    tim.o(i.HAL_TIM_Base_MspInit) refers to stm32g4xx_hal_cortex.o(i.HAL_NVIC_EnableIRQ) for HAL_NVIC_EnableIRQ
    tim.o(i.HAL_TIM_IC_MspDeInit) refers to stm32g4xx_hal_gpio.o(i.HAL_GPIO_DeInit) for HAL_GPIO_DeInit
    tim.o(i.HAL_TIM_IC_MspDeInit) refers to stm32g4xx_hal_cortex.o(i.HAL_NVIC_DisableIRQ) for HAL_NVIC_DisableIRQ
    tim.o(i.HAL_TIM_IC_MspInit) refers to rt_memclr_w.o(.text) for __aeabi_memclr4
[...]
    .ARM.Collect$$_printf_percent$$00000017  0x08000258   Section        4  _printf_percent_end.o(.ARM.Collect$$_printf_percent$$00000017)
    .ARM.Collect$$libinit$$00000000          0x0800025c   Section        2  libinit.o(.ARM.Collect$$libinit$$00000000)
    .ARM.Collect$$libinit$$00000001          0x0800025e   Section        4  libinit2.o(.ARM.Collect$$libinit$$00000001)
    .ARM.Collect$$libinit$$00000004          0x08000262   Section        0  libinit2.o(.ARM.Collect$$libinit$$00000004)
    .ARM.Collect$$libinit$$0000000A          0x08000262   Section        0  libinit2.o(.ARM.Collect$$libinit$$0000000A)
    .ARM.Collect$$libinit$$0000000C          0x08000262   Section        0  libinit2.o(.ARM.Collect$$libinit$$0000000C)
    .ARM.Collect$$libinit$$0000000E          0x08000262   Section        0  libinit2.o(.ARM.Collect$$libinit$$0000000E)
    .ARM.Collect$$libinit$$0000000F          0x08000262   Section        6  libinit2.o(.ARM.Collect$$libinit$$0000000F)
    .ARM.Collect$$libinit$$00000011          0x08000268   Section        0  libinit2.o(.ARM.Collect$$libinit$$00000011)
    .ARM.Collect$$libinit$$00000013          0x08000268   Section        0  libinit2.o(.ARM.Collect$$libinit$$00000013)
    .ARM.Collect$$libinit$$00000015          0x08000268   Section        0  libinit2.o(.ARM.Collect$$libinit$$00000015)
    .ARM.Collect$$libinit$$00000016          0x08000268   Section       10  libinit2.o(.ARM.Collect$$libinit$$00000016)
    .ARM.Collect$$libinit$$00000017          0x08000272   Section        0  libinit2.o(.ARM.Collect$$libinit$$00000017)
    .ARM.Collect$$libinit$$00000019          0x08000272   Section        0  libinit2.o(.ARM.Collect$$libinit$$00000019)
    .ARM.Collect$$libinit$$0000001B          0x08000272   Section        0  libinit2.o(.ARM.Collect$$libinit$$0000001B)
    .ARM.Collect$$libinit$$0000001D          0x08000272   Section        0  libinit2.o(.ARM.Collect$$libinit$$0000001D)
    .ARM.Collect$$libinit$$0000001F          0x08000272   Section        0  libinit2.o(.ARM.Collect$$libinit$$0000001F)
    .ARM.Collect$$libinit$$00000021          0x08000272   Section        0  libinit2.o(.ARM.Collect$$libinit$$00000021)
    .ARM.Collect$$libinit$$00000023          0x08000272   Section        0  libinit2.o(.ARM.Collect$$libinit$$00000023)
    .ARM.Collect$$libinit$$00000025          0x08000272   Section        0  libinit2.o(.ARM.Collect$$libinit$$00000025)
    .ARM.Collect$$libinit$$0000002C          0x08000272   Section        0  libinit2.o(.ARM.Collect$$libinit$$0000002C)
    .ARM.Collect$$libinit$$0000002E          0x08000272   Section        0  libinit2.o(.ARM.Collect$$libinit$$0000002E)
    .ARM.Collect$$libinit$$00000030          0x08000272   Section        0  libinit2.o(.ARM.Collect$$libinit$$00000030)
    .ARM.Collect$$libinit$$00000032          0x08000272   Section        0  libinit2.o(.ARM.Collect$$libinit$$00000032)
    .ARM.Collect$$libinit$$00000033          0x08000272   Section        2  libinit2.o(.ARM.Collect$$libinit$$00000033)
    .ARM.Collect$$libshutdown$$00000000      0x08000274   Section        2  libshutdown.o(.ARM.Collect$$libshutdown$$00000000)
    .ARM.Collect$$libshutdown$$00000002      0x08000276   Section        0  libshutdown2.o(.ARM.Collect$$libshutdown$$00000002)
    .ARM.Collect$$libshutdown$$00000004      0x08000276   Section        0  libshutdown2.o(.ARM.Collect$$libshutdown$$00000004)
    .ARM.Collect$$libshutdown$$00000007      0x08000276   Section        0  libshutdown2.o(.ARM.Collect$$libshutdown$$00000007)
    .ARM.Collect$$libshutdown$$0000000A      0x08000276   Section        0  libshutdown2.o(.ARM.Collect$$libshutdown$$0000000A)
    .ARM.Collect$$libshutdown$$0000000C      0x08000276   Section        0  libshutdown2.o(.ARM.Collect$$libshutdown$$0000000C)
    .ARM.Collect$$libshutdown$$0000000F      0x08000276   Section        0  libshutdown2.o(.ARM.Collect$$libshutdown$$0000000F)
    .ARM.Collect$$libshutdown$$00000010      0x08000276   Section        2  libshutdown2.o(.ARM.Collect$$libshutdown$$00000010)
    .ARM.Collect$$rtentry$$00000000          0x08000278   Section        0  __rtentry.o(.ARM.Collect$$rtentry$$00000000)
    .ARM.Collect$$rtentry$$00000002          0x08000278   Section        0  __rtentry2.o(.ARM.Collect$$rtentry$$00000002)
    .ARM.Collect$$rtentry$$00000004          0x08000278   Section        6  __rtentry4.o(.ARM.Collect$$rtentry$$00000004)
    .ARM.Collect$$rtentry$$00000009          0x0800027e   Section        0  __rtentry2.o(.ARM.Collect$$rtentry$$00000009)
    .ARM.Collect$$rtentry$$0000000A          0x0800027e   Section        4  __rtentry2.o(.ARM.Collect$$rtentry$$0000000A)
    .ARM.Collect$$rtentry$$0000000C          0x08000282   Section        0  __rtentry2.o(.ARM.Collect$$rtentry$$0000000C)
    .ARM.Collect$$rtentry$$0000000D          0x08000282   Section        8  __rtentry2.o(.ARM.Collect$$rtentry$$0000000D)
    .ARM.Collect$$rtexit$$00000000           0x0800028a   Section        2  rtexit.o(.ARM.Collect$$rtexit$$00000000)
    .ARM.Collect$$rtexit$$00000002           0x0800028c   Section        0  rtexit2.o(.ARM.Collect$$rtexit$$00000002)
    .ARM.Collect$$rtexit$$00000003           0x0800028c   Section        4  rtexit2.o(.ARM.Collect$$rtexit$$00000003)
    .ARM.Collect$$rtexit$$00000004           0x08000290   Section        6  rtexit2.o(.ARM.Collect$$rtexit$$00000004)
    .text                                    0x08000298   Section       64  startup_stm32g431xx.o(.text)
    $v0                                      0x08000298   Number         0  startup_stm32g431xx.o(.text)
    .text                                    0x080002d8   Section        0  noretval__2sprintf.o(.text)
    .text                                    0x08000300   Section        0  _printf_dec.o(.text)
    .text                                    0x08000378   Section        0  __printf_wp.o(.text)
    .text                                    0x08000486   Section       78  rt_memclr_w.o(.text)
    .text                                    0x080004d4   Section        0  heapauxi.o(.text)
    .text                                    0x080004da   Section        0  _printf_intcommon.o(.text)
    .text                                    0x0800058c   Section        0  _printf_fp_dec.o(.text)
    _fp_digits                               0x0800058f   Thumb Code   432  _printf_fp_dec.o(.text)
    .text                                    0x080009ac   Section        0  _printf_char_common.o(.text)
    _printf_input_char                       0x080009ad   Thumb Code    10  _printf_char_common.o(.text)
    .text                                    0x080009dc   Section        0  _sputc.o(.text)
    .text                                    0x080009e8   Section        8  rt_locale_intlibspace.o(.text)
    .text                                    0x080009f0   Section      138  lludiv10.o(.text)
    .text                                    0x08000a7c   Section        0  _printf_fp_infnan.o(.text)
    .text                                    0x08000afc   Section        0  bigflt0.o(.text)
    .text                                    0x08000be0   Section        8  libspace.o(.text)
    .text                                    0x08000be8   Section       74  sys_stackheap_outer.o(.text)
    .text                                    0x08000c32   Section        0  exit.o(.text)
    .text                                    0x08000c44   Section      128  strcmpv7m.o(.text)
    .text                                    0x08000cc4   Section        0  sys_exit.o(.text)
    .text                                    0x08000cd0   Section        2  use_no_semi.o(.text)
    .text                                    0x08000cd2   Section        0  indicate_semi.o(.text)
    CL$$btod_d2e                             0x08000cd2   Section       62  btod.o(CL$$btod_d2e)
    CL$$btod_d2e_denorm_low                  0x08000d10   Section       70  btod.o(CL$$btod_d2e_denorm_low)
    CL$$btod_d2e_norm_op1                    0x08000d56   Section       96  btod.o(CL$$btod_d2e_norm_op1)
    CL$$btod_div_common                      0x08000db6   Section      824  btod.o(CL$$btod_div_common)
    CL$$btod_e2e                             0x080010ee   Section      220  btod.o(CL$$btod_e2e)
    CL$$btod_ediv                            0x080011ca   Section       42  btod.o(CL$$btod_ediv)
    CL$$btod_emul                            0x080011f4   Section       42  btod.o(CL$$btod_emul)
    CL$$btod_mult_common                     0x0800121e   Section      580  btod.o(CL$$btod_mult_common)
    i.BusFault_Handler                       0x08001462   Section        0  stm32g4xx_it.o(i.BusFault_Handler)
    i.DebugMon_Handler                       0x08001464   Section        0  stm32g4xx_it.o(i.DebugMon_Handler)
    i.Delay_LCD                              0x08001466   Section        0  lcd.o(i.Delay_LCD)
    i.Error_Handler                          0x08001482   Section        0  main.o(i.Error_Handler)
    i.HAL_Delay                              0x08001488   Section        0  stm32g4xx_hal.o(i.HAL_Delay)
    i.HAL_GPIO_Init                          0x080014ac   Section        0  stm32g4xx_hal_gpio.o(i.HAL_GPIO_Init)
    i.HAL_GPIO_ReadPin                       0x080016f4   Section        0  stm32g4xx_hal_gpio.o(i.HAL_GPIO_ReadPin)
    i.HAL_GPIO_WritePin                      0x080016fe   Section        0  stm32g4xx_hal_gpio.o(i.HAL_GPIO_WritePin)
    i.HAL_GetTick                            0x08001708   Section        0  stm32g4xx_hal.o(i.HAL_GetTick)
    i.HAL_IncTick                            0x08001714   Section        0  stm32g4xx_hal.o(i.HAL_IncTick)
    i.HAL_Init                               0x08001724   Section        0  stm32g4xx_hal.o(i.HAL_Init)
    i.HAL_InitTick                           0x08001744   Section        0  stm32g4xx_hal.o(i.HAL_InitTick)
    i.HAL_MspInit                            0x08001788   Section        0  stm32g4xx_hal_msp.o(i.HAL_MspInit)
    i.HAL_NVIC_EnableIRQ                     0x080017b8   Section        0  stm32g4xx_hal_cortex.o(i.HAL_NVIC_EnableIRQ)
    i.HAL_NVIC_SetPriority                   0x080017d4   Section        0  stm32g4xx_hal_cortex.o(i.HAL_NVIC_SetPriority)
    i.HAL_NVIC_SetPriorityGrouping           0x08001814   Section        0  stm32g4xx_hal_cortex.o(i.HAL_NVIC_SetPriorityGrouping)
    i.HAL_PWREx_ControlVoltageScaling        0x08001838   Section        0  stm32g4xx_hal_pwr_ex.o(i.HAL_PWREx_ControlVoltageScaling)
    i.HAL_PWREx_DisableUCPDDeadBattery       0x080018f4   Section        0  stm32g4xx_hal_pwr_ex.o(i.HAL_PWREx_DisableUCPDDeadBattery)
    i.HAL_RCC_ClockConfig                    0x08001904   Section        0  stm32g4xx_hal_rcc.o(i.HAL_RCC_ClockConfig)
    i.HAL_RCC_GetSysClockFreq                0x08001ae0   Section        0  stm32g4xx_hal_rcc.o(i.HAL_RCC_GetSysClockFreq)
    i.HAL_RCC_OscConfig                      0x08001b50   Section        0  stm32g4xx_hal_rcc.o(i.HAL_RCC_OscConfig)
    i.HAL_SYSTICK_Config                     0x08001f54   Section        0  stm32g4xx_hal_cortex.o(i.HAL_SYSTICK_Config)
    i.HAL_TIMEx_Break2Callback               0x08001f7c   Section        0  stm32g4xx_hal_tim_ex.o(i.HAL_TIMEx_Break2Callback)
    i.HAL_TIMEx_BreakCallback                0x08001f7e   Section        0  stm32g4xx_hal_tim_ex.o(i.HAL_TIMEx_BreakCallback)
    i.HAL_TIMEx_CommutCallback               0x08001f80   Section        0  stm32g4xx_hal_tim_ex.o(i.HAL_TIMEx_CommutCallback)
    i.HAL_TIMEx_DirectionChangeCallback      0x08001f82   Section        0  stm32g4xx_hal_tim_ex.o(i.HAL_TIMEx_DirectionChangeCallback)
    i.HAL_TIMEx_EncoderIndexCallback         0x08001f84   Section        0  stm32g4xx_hal_tim_ex.o(i.HAL_TIMEx_EncoderIndexCallback)
    i.HAL_TIMEx_IndexErrorCallback           0x08001f86   Section        0  stm32g4xx_hal_tim_ex.o(i.HAL_TIMEx_IndexErrorCallback)
    i.HAL_TIMEx_MasterConfigSynchronization  0x08001f88   Section        0  stm32g4xx_hal_tim_ex.o(i.HAL_TIMEx_MasterConfigSynchronization)
    i.HAL_TIMEx_TransitionErrorCallback      0x08002024   Section        0  stm32g4xx_hal_tim_ex.o(i.HAL_TIMEx_TransitionErrorCallback)
    i.HAL_TIM_Base_Init                      0x08002026   Section        0  stm32g4xx_hal_tim.o(i.HAL_TIM_Base_Init)
    i.HAL_TIM_Base_MspInit                   0x08002088   Section        0  tim.o(i.HAL_TIM_Base_MspInit)
    i.HAL_TIM_Base_Start_IT                  0x080020c4   Section        0  stm32g4xx_hal_tim.o(i.HAL_TIM_Base_Start_IT)
    i.HAL_TIM_ConfigClockSource              0x0800213c   Section        0  stm32g4xx_hal_tim.o(i.HAL_TIM_ConfigClockSource)
    i.HAL_TIM_IC_CaptureCallback             0x0800223c   Section        0  fun.o(i.HAL_TIM_IC_CaptureCallback)
    i.HAL_TIM_IC_ConfigChannel               0x080022ac   Section        0  stm32g4xx_hal_tim.o(i.HAL_TIM_IC_ConfigChannel)
    i.HAL_TIM_IC_Init                        0x080023d0   Section        0  stm32g4xx_hal_tim.o(i.HAL_TIM_IC_Init)
    i.HAL_TIM_IC_MspInit                     0x08002434   Section        0  tim.o(i.HAL_TIM_IC_MspInit)
    i.HAL_TIM_IC_Start_IT                    0x080024f4   Section        0  stm32g4xx_hal_tim.o(i.HAL_TIM_IC_Start_IT)
    i.HAL_TIM_IRQHandler                     0x08002620   Section        0  stm32g4xx_hal_tim.o(i.HAL_TIM_IRQHandler)
    i.HAL_TIM_OC_DelayElapsedCallback        0x080027c2   Section        0  stm32g4xx_hal_tim.o(i.HAL_TIM_OC_DelayElapsedCallback)
    i.HAL_TIM_PWM_PulseFinishedCallback      0x080027c4   Section        0  stm32g4xx_hal_tim.o(i.HAL_TIM_PWM_PulseFinishedCallback)
    i.HAL_TIM_PeriodElapsedCallback          0x080027c8   Section        0  fun.o(i.HAL_TIM_PeriodElapsedCallback)
    i.HAL_TIM_ReadCapturedValue              0x08002890   Section        0  stm32g4xx_hal_tim.o(i.HAL_TIM_ReadCapturedValue)
    i.HAL_TIM_TriggerCallback                0x080028ba   Section        0  stm32g4xx_hal_tim.o(i.HAL_TIM_TriggerCallback)
    i.HardFault_Handler                      0x080028bc   Section        0  stm32g4xx_it.o(i.HardFault_Handler)
    i.LCD_BusIn                              0x080028c0   Section        0  lcd.o(i.LCD_BusIn)
    i.LCD_BusOut                             0x080028ec   Section        0  lcd.o(i.LCD_BusOut)
    i.LCD_Clear                              0x0800291c   Section        0  lcd.o(i.LCD_Clear)
    i.LCD_CtrlLinesConfig                    0x08002950   Section        0  lcd.o(i.LCD_CtrlLinesConfig)
    i.LCD_DisplayChar                        0x080029e0   Section        0  lcd.o(i.LCD_DisplayChar)
    i.LCD_DisplayStringLine                  0x080029f8   Section        0  lcd.o(i.LCD_DisplayStringLine)
    i.LCD_DrawChar                           0x08002a38   Section        0  lcd.o(i.LCD_DrawChar)
    i.LCD_Init                               0x08002a90   Section        0  lcd.o(i.LCD_Init)
    i.LCD_ReadReg                            0x08002ad0   Section        0  lcd.o(i.LCD_ReadReg)
    i.LCD_SetBackColor                       0x08002b50   Section        0  lcd.o(i.LCD_SetBackColor)
    i.LCD_SetCursor                          0x08002b60   Section        0  lcd.o(i.LCD_SetCursor)
    i.LCD_SetTextColor                       0x08002b78   Section        0  lcd.o(i.LCD_SetTextColor)
    i.LCD_WriteRAM                           0x08002b88   Section        0  lcd.o(i.LCD_WriteRAM)
    i.LCD_WriteRAM_Prepare                   0x08002be0   Section        0  lcd.o(i.LCD_WriteRAM_Prepare)
    i.LCD_WriteReg                           0x08002c3c   Section        0  lcd.o(i.LCD_WriteReg)
    i.MX_GPIO_Init                           0x08002ca8   Section        0  gpio.o(i.MX_GPIO_Init)
    i.MX_TIM2_Init                           0x08002d7c   Section        0  tim.o(i.MX_TIM2_Init)
    i.MX_TIM3_Init                           0x08002de8   Section        0  tim.o(i.MX_TIM3_Init)
    i.MX_TIM4_Init                           0x08002e58   Section        0  tim.o(i.MX_TIM4_Init)
    i.MemManage_Handler                      0x08002ec0   Section        0  stm32g4xx_it.o(i.MemManage_Handler)
    i.NMI_Handler                            0x08002ec2   Section        0  stm32g4xx_it.o(i.NMI_Handler)
    i.PendSV_Handler                         0x08002ec4   Section        0  stm32g4xx_it.o(i.PendSV_Handler)
    i.REG_8230_Init                          0x08002ec6   Section        0  lcd.o(i.REG_8230_Init)
    i.REG_932X_Init                          0x08002fd8   Section        0  lcd.o(i.REG_932X_Init)
    i.SVC_Handler                            0x080031da   Section        0  stm32g4xx_it.o(i.SVC_Handler)
    i.SysTick_Handler                        0x080031dc   Section        0  stm32g4xx_it.o(i.SysTick_Handler)
    i.SystemClock_Config                     0x080031e0   Section        0  main.o(i.SystemClock_Config)
    i.SystemInit                             0x08003248   Section        0  system_stm32g4xx.o(i.SystemInit)
    i.TIM2_IRQHandler                        0x08003258   Section        0  stm32g4xx_it.o(i.TIM2_IRQHandler)
    i.TIM3_IRQHandler                        0x08003264   Section        0  stm32g4xx_it.o(i.TIM3_IRQHandler)
    i.TIM4_IRQHandler                        0x08003270   Section        0  stm32g4xx_it.o(i.TIM4_IRQHandler)
    i.TIM_Base_SetConfig                     0x0800327c   Section        0  stm32g4xx_hal_tim.o(i.TIM_Base_SetConfig)
    i.TIM_CCxChannelCmd                      0x08003338   Section        0  stm32g4xx_hal_tim.o(i.TIM_CCxChannelCmd)
    i.TIM_ETR_SetConfig                      0x08003352   Section        0  stm32g4xx_hal_tim.o(i.TIM_ETR_SetConfig)
    i.TIM_ITRx_SetConfig                     0x08003368   Section        0  stm32g4xx_hal_tim.o(i.TIM_ITRx_SetConfig)
    TIM_ITRx_SetConfig                       0x08003369   Thumb Code    16  stm32g4xx_hal_tim.o(i.TIM_ITRx_SetConfig)
    i.TIM_TI1_ConfigInputStage               0x0800337c   Section        0  stm32g4xx_hal_tim.o(i.TIM_TI1_ConfigInputStage)
    TIM_TI1_ConfigInputStage                 0x0800337d   Thumb Code    34  stm32g4xx_hal_tim.o(i.TIM_TI1_ConfigInputStage)
    i.TIM_TI1_SetConfig                      0x080033a0   Section        0  stm32g4xx_hal_tim.o(i.TIM_TI1_SetConfig)
    i.TIM_TI2_ConfigInputStage               0x0800340c   Section        0  stm32g4xx_hal_tim.o(i.TIM_TI2_ConfigInputStage)
    TIM_TI2_ConfigInputStage                 0x0800340d   Thumb Code    36  stm32g4xx_hal_tim.o(i.TIM_TI2_ConfigInputStage)
    i.TIM_TI2_SetConfig                      0x08003430   Section        0  stm32g4xx_hal_tim.o(i.TIM_TI2_SetConfig)
    TIM_TI2_SetConfig                        0x08003431   Thumb Code    54  stm32g4xx_hal_tim.o(i.TIM_TI2_SetConfig)
    i.UsageFault_Handler                     0x08003466   Section        0  stm32g4xx_it.o(i.UsageFault_Handler)
    i.__ARM_fpclassify                       0x08003468   Section        0  fpclassify.o(i.__ARM_fpclassify)
    i.__NVIC_SetPriority                     0x08003498   Section        0  stm32g4xx_hal_cortex.o(i.__NVIC_SetPriority)
    __NVIC_SetPriority                       0x08003499   Thumb Code    32  stm32g4xx_hal_cortex.o(i.__NVIC_SetPriority)
    i._is_digit                              0x080034b8   Section        0  __printf_wp.o(i._is_digit)
    i.change                                 0x080034c8   Section        0  fun.o(i.change)
    i.key_scan                               0x08003510   Section        0  fun.o(i.key_scan)
    i.lcd_show                               0x0800368c   Section        0  fun.o(i.lcd_show)
    i.led_pro                                0x08003b28   Section        0  fun.o(i.led_pro)
    i.led_show                               0x08003b84   Section        0  fun.o(i.led_show)
    i.main                                   0x08003bc8   Section        0  main.o(i.main)
    locale$$code                             0x08003c34   Section       44  lc_numeric_c.o(locale$$code)
    x$fpl$d2f                                0x08003c60   Section       98  d2f.o(x$fpl$d2f)
    $v0                                      0x08003c60   Number         0  d2f.o(x$fpl$d2f)
    x$fpl$ddiv                               0x08003cc4   Section      688  ddiv.o(x$fpl$ddiv)
    $v0                                      0x08003cc4   Number         0  ddiv.o(x$fpl$ddiv)
    ddiv_entry                               0x08003ccb   Thumb Code     0  ddiv.o(x$fpl$ddiv)
    x$fpl$dflt                               0x08003f74   Section       46  dflt_clz.o(x$fpl$dflt)
    $v0                                      0x08003f74   Number         0  dflt_clz.o(x$fpl$dflt)
    x$fpl$dmul                               0x08003fa4   Section      340  dmul.o(x$fpl$dmul)
    $v0                                      0x08003fa4   Number         0  dmul.o(x$fpl$dmul)
    x$fpl$dnaninf                            0x080040f8   Section      156  dnaninf.o(x$fpl$dnaninf)
    $v0                                      0x080040f8   Number         0  dnaninf.o(x$fpl$dnaninf)
    x$fpl$dretinf                            0x08004194   Section       12  dretinf.o(x$fpl$dretinf)
    $v0                                      0x08004194   Number         0  dretinf.o(x$fpl$dretinf)
    x$fpl$f2d                                0x080041a0   Section       86  f2d.o(x$fpl$f2d)
    $v0                                      0x080041a0   Number         0  f2d.o(x$fpl$f2d)
    x$fpl$fnaninf                            0x080041f6   Section      140  fnaninf.o(x$fpl$fnaninf)
    $v0                                      0x080041f6   Number         0  fnaninf.o(x$fpl$fnaninf)
    x$fpl$fpinit                             0x08004282   Section       10  fpinit.o(x$fpl$fpinit)
    $v0                                      0x08004282   Number         0  fpinit.o(x$fpl$fpinit)
    x$fpl$fretinf                            0x0800428c   Section       10  fretinf.o(x$fpl$fretinf)
    $v0                                      0x0800428c   Number         0  fretinf.o(x$fpl$fretinf)
    x$fpl$printf1                            0x08004296   Section        4  printf1.o(x$fpl$printf1)
    $v0                                      0x08004296   Number         0  printf1.o(x$fpl$printf1)
    .constdata                               0x0800429a   Section     4560  lcd.o(.constdata)
    x$fpl$usenofp                            0x0800429a   Section        0  usenofp.o(x$fpl$usenofp)
    .constdata                               0x0800546a   Section       16  system_stm32g4xx.o(.constdata)
    .constdata                               0x0800547c   Section      148  bigflt0.o(.constdata)
    tenpwrs_x                                0x0800547c   Data          60  bigflt0.o(.constdata)
    tenpwrs_i                                0x080054b8   Data          64  bigflt0.o(.constdata)
    locale$$data                             0x08005530   Section       28  lc_numeric_c.o(locale$$data)
    __lcnum_c_name                           0x08005534   Data           2  lc_numeric_c.o(locale$$data)
    __lcnum_c_start                          0x0800553c   Data           0  lc_numeric_c.o(locale$$data)
    __lcnum_c_point                          0x08005548   Data           0  lc_numeric_c.o(locale$$data)
    __lcnum_c_thousands                      0x0800554a   Data           0  lc_numeric_c.o(locale$$data)
    __lcnum_c_grouping                       0x0800554b   Data           0  lc_numeric_c.o(locale$$data)
    __lcnum_c_end                            0x0800554c   Data           0  lc_numeric_c.o(locale$$data)
    .data                                    0x20000000   Section       12  stm32g4xx_hal.o(.data)
    .data                                    0x2000000c   Section        6  lcd.o(.data)
    TextColor                                0x2000000c   Data           2  lcd.o(.data)
    BackColor                                0x2000000e   Data           2  lcd.o(.data)
    .data                                    0x20000014   Section       68  fun.o(.data)
    .data                                    0x20000058   Section        4  system_stm32g4xx.o(.data)
    .bss                                     0x2000005c   Section      228  tim.o(.bss)
    .bss                                     0x20000140   Section       20  fun.o(.bss)
    .bss                                     0x20000154   Section       96  libspace.o(.bss)
    HEAP                                     0x200001b8   Section      512  startup_stm32g431xx.o(HEAP)
    Heap_Mem                                 0x200001b8   Data         512  startup_stm32g431xx.o(HEAP)
    STACK                                    0x200003b8   Section     1024  startup_stm32g431xx.o(STACK)
    Stack_Mem                                0x200003b8   Data        1024  startup_stm32g431xx.o(STACK)
    __initial_sp                             0x200007b8   Data           0  startup_stm32g431xx.o(STACK)

    Global Symbols

    Symbol Name                              Value     Ov Type        Size  Object(Section)

    BuildAttributes$$THM_ISAv4$E$P$D$K$B$S$7EM$VFPi3$EXTD16$VFPS$VFMA$PE$A:L22UL41UL21$X:L11$S22US41US21$IEEE1$IW$USESV6$~STKCKD$USESV7$~SHL$OTIME$ROPI$IEEEJ$EBA8$UX$STANDARDLIB$REQ8$PRES8$EABIv2 0x00000000   Number         0  anon$$obj.o ABSOLUTE
    __ARM_use_no_argv                        0x00000000   Number         0  main.o ABSOLUTE
    _printf_flags                            0x00000000   Number         0  printf_stubs.o ABSOLUTE
    _printf_return_value                     0x00000000   Number         0  printf_stubs.o ABSOLUTE
    _printf_sizespec                         0x00000000   Number         0  printf_stubs.o ABSOLUTE
    _printf_widthprec                        0x00000000   Number         0  printf_stubs.o ABSOLUTE
    __ARM_exceptions_init                     - Undefined Weak Reference
    __alloca_initialize                       - Undefined Weak Reference
    __arm_preinit_                            - Undefined Weak Reference
    __cpp_initialize__aeabi_                  - Undefined Weak Reference
    __cxa_finalize                            - Undefined Weak Reference
    __sigvec_lookup                           - Undefined Weak Reference
    _atexit_init                              - Undefined Weak Reference
    _call_atexit_fns                          - Undefined Weak Reference
    _clock_init                               - Undefined Weak Reference
    _fp_trap_init                             - Undefined Weak Reference
    _fp_trap_shutdown                         - Undefined Weak Reference
    _get_lc_collate                           - Undefined Weak Reference
    _get_lc_ctype                             - Undefined Weak Reference
    _get_lc_monetary                          - Undefined Weak Reference
    _get_lc_time                              - Undefined Weak Reference
    _getenv_init                              - Undefined Weak Reference
    _handle_redirection                       - Undefined Weak Reference
    _init_alloc                               - Undefined Weak Reference
    _init_user_alloc                          - Undefined Weak Reference
    _initio                                   - Undefined Weak Reference
    _printf_post_padding                      - Undefined Weak Reference
    _printf_pre_padding                       - Undefined Weak Reference
    _printf_truncate_signed                   - Undefined Weak Reference
    _printf_truncate_unsigned                 - Undefined Weak Reference
    _rand_init                                - Undefined Weak Reference
    _signal_finish                            - Undefined Weak Reference
    _signal_init                              - Undefined Weak Reference
    _terminate_alloc                          - Undefined Weak Reference
    _terminate_user_alloc                     - Undefined Weak Reference
    _terminateio                              - Undefined Weak Reference
    __Vectors_Size                           0x000001d8   Number         0  startup_stm32g431xx.o ABSOLUTE
    __Vectors                                0x08000000   Data           4  startup_stm32g431xx.o(RESET)
    __Vectors_End                            0x080001d8   Data           0  startup_stm32g431xx.o(RESET)
    __main                                   0x080001d9   Thumb Code     8  __main.o(!!!main)
    __scatterload                            0x080001e1   Thumb Code     0  __scatter.o(!!!scatter)
    __scatterload_rt2                        0x080001e1   Thumb Code    44  __scatter.o(!!!scatter)
    __scatterload_rt2_thumb_only             0x080001e1   Thumb Code     0  __scatter.o(!!!scatter)
    __scatterload_null                       0x080001ef   Thumb Code     0  __scatter.o(!!!scatter)
    __scatterload_copy                       0x08000215   Thumb Code    26  __scatter_copy.o(!!handler_copy)
    __scatterload_zeroinit                   0x08000231   Thumb Code    28  __scatter_zi.o(!!handler_zi)
    _printf_f                                0x0800024d   Thumb Code     0  _printf_f.o(.ARM.Collect$$_printf_percent$$00000003)
    _printf_percent                          0x0800024d   Thumb Code     0  _printf_percent.o(.ARM.Collect$$_printf_percent$$00000000)
    _printf_d                                0x08000253   Thumb Code     0  _printf_d.o(.ARM.Collect$$_printf_percent$$00000009)
    _printf_percent_end                      0x08000259   Thumb Code     0  _printf_percent_end.o(.ARM.Collect$$_printf_percent$$00000017)
    __rt_lib_init                            0x0800025d   Thumb Code     0  libinit.o(.ARM.Collect$$libinit$$00000000)
    __rt_lib_init_fp_1                       0x0800025f   Thumb Code     0  libinit2.o(.ARM.Collect$$libinit$$00000001)
    __rt_lib_init_heap_1                     0x08000263   Thumb Code     0  libinit2.o(.ARM.Collect$$libinit$$0000000A)
    __rt_lib_init_lc_common                  0x08000263   Thumb Code     0  libinit2.o(.ARM.Collect$$libinit$$0000000F)
    __rt_lib_init_preinit_1                  0x08000263   Thumb Code     0  libinit2.o(.ARM.Collect$$libinit$$00000004)
    __rt_lib_init_rand_1                     0x08000263   Thumb Code     0  libinit2.o(.ARM.Collect$$libinit$$0000000E)
    __rt_lib_init_user_alloc_1               0x08000263   Thumb Code     0  libinit2.o(.ARM.Collect$$libinit$$0000000C)
    __rt_lib_init_lc_collate_1               0x08000269   Thumb Code     0  libinit2.o(.ARM.Collect$$libinit$$00000011)
    __rt_lib_init_lc_ctype_1                 0x08000269   Thumb Code     0  libinit2.o(.ARM.Collect$$libinit$$00000013)
    __rt_lib_init_lc_monetary_1              0x08000269   Thumb Code     0  libinit2.o(.ARM.Collect$$libinit$$00000015)
    __rt_lib_init_lc_numeric_2               0x08000269   Thumb Code     0  libinit2.o(.ARM.Collect$$libinit$$00000016)
    __rt_lib_init_alloca_1                   0x08000273   Thumb Code     0  libinit2.o(.ARM.Collect$$libinit$$0000002E)
    __rt_lib_init_argv_1                     0x08000273   Thumb Code     0  libinit2.o(.ARM.Collect$$libinit$$0000002C)
    __rt_lib_init_atexit_1                   0x08000273   Thumb Code     0  libinit2.o(.ARM.Collect$$libinit$$0000001B)
    __rt_lib_init_clock_1                    0x08000273   Thumb Code     0  libinit2.o(.ARM.Collect$$libinit$$00000021)
    __rt_lib_init_cpp_1                      0x08000273   Thumb Code     0  libinit2.o(.ARM.Collect$$libinit$$00000032)
    __rt_lib_init_exceptions_1               0x08000273   Thumb Code     0  libinit2.o(.ARM.Collect$$libinit$$00000030)
    __rt_lib_init_fp_trap_1                  0x08000273   Thumb Code     0  libinit2.o(.ARM.Collect$$libinit$$0000001F)
    __rt_lib_init_getenv_1                   0x08000273   Thumb Code     0  libinit2.o(.ARM.Collect$$libinit$$00000023)
    __rt_lib_init_lc_numeric_1               0x08000273   Thumb Code     0  libinit2.o(.ARM.Collect$$libinit$$00000017)
    __rt_lib_init_lc_time_1                  0x08000273   Thumb Code     0  libinit2.o(.ARM.Collect$$libinit$$00000019)
    __rt_lib_init_return                     0x08000273   Thumb Code     0  libinit2.o(.ARM.Collect$$libinit$$00000033)
    __rt_lib_init_signal_1                   0x08000273   Thumb Code     0  libinit2.o(.ARM.Collect$$libinit$$0000001D)
    __rt_lib_init_stdio_1                    0x08000273   Thumb Code     0  libinit2.o(.ARM.Collect$$libinit$$00000025)
    __rt_lib_shutdown                        0x08000275   Thumb Code     0  libshutdown.o(.ARM.Collect$$libshutdown$$00000000)
    __rt_lib_shutdown_cpp_1                  0x08000277   Thumb Code     0  libshutdown2.o(.ARM.Collect$$libshutdown$$00000002)
    __rt_lib_shutdown_fp_trap_1              0x08000277   Thumb Code     0  libshutdown2.o(.ARM.Collect$$libshutdown$$00000007)
    __rt_lib_shutdown_heap_1                 0x08000277   Thumb Code     0  libshutdown2.o(.ARM.Collect$$libshutdown$$0000000F)
    __rt_lib_shutdown_return                 0x08000277   Thumb Code     0  libshutdown2.o(.ARM.Collect$$libshutdown$$00000010)
    __rt_lib_shutdown_signal_1               0x08000277   Thumb Code     0  libshutdown2.o(.ARM.Collect$$libshutdown$$0000000A)
    __rt_lib_shutdown_stdio_1                0x08000277   Thumb Code     0  libshutdown2.o(.ARM.Collect$$libshutdown$$00000004)
    __rt_lib_shutdown_user_alloc_1           0x08000277   Thumb Code     0  libshutdown2.o(.ARM.Collect$$libshutdown$$0000000C)
    __rt_entry                               0x08000279   Thumb Code     0  __rtentry.o(.ARM.Collect$$rtentry$$00000000)
    __rt_entry_presh_1                       0x08000279   Thumb Code     0  __rtentry2.o(.ARM.Collect$$rtentry$$00000002)
    __rt_entry_sh                            0x08000279   Thumb Code     0  __rtentry4.o(.ARM.Collect$$rtentry$$00000004)
    __rt_entry_li                            0x0800027f   Thumb Code     0  __rtentry2.o(.ARM.Collect$$rtentry$$0000000A)
    __rt_entry_postsh_1                      0x0800027f   Thumb Code     0  __rtentry2.o(.ARM.Collect$$rtentry$$00000009)
    __rt_entry_main                          0x08000283   Thumb Code     0  __rtentry2.o(.ARM.Collect$$rtentry$$0000000D)
    __rt_entry_postli_1                      0x08000283   Thumb Code     0  __rtentry2.o(.ARM.Collect$$rtentry$$0000000C)
    __rt_exit                                0x0800028b   Thumb Code     0  rtexit.o(.ARM.Collect$$rtexit$$00000000)
    __rt_exit_ls                             0x0800028d   Thumb Code     0  rtexit2.o(.ARM.Collect$$rtexit$$00000003)
    __rt_exit_prels_1                        0x0800028d   Thumb Code     0  rtexit2.o(.ARM.Collect$$rtexit$$00000002)
    __rt_exit_exit                           0x08000291   Thumb Code     0  rtexit2.o(.ARM.Collect$$rtexit$$00000004)
    Reset_Handler                            0x08000299   Thumb Code     8  startup_stm32g431xx.o(.text)
    ADC1_2_IRQHandler                        0x080002b3   Thumb Code     0  startup_stm32g431xx.o(.text)
    COMP1_2_3_IRQHandler                     0x080002b3   Thumb Code     0  startup_stm32g431xx.o(.text)
    COMP4_IRQHandler                         0x080002b3   Thumb Code     0  startup_stm32g431xx.o(.text)
    CORDIC_IRQHandler                        0x080002b3   Thumb Code     0  startup_stm32g431xx.o(.text)
    CRS_IRQHandler                           0x080002b3   Thumb Code     0  startup_stm32g431xx.o(.text)
    DMA1_Channel1_IRQHandler                 0x080002b3   Thumb Code     0  startup_stm32g431xx.o(.text)
    DMA1_Channel2_IRQHandler                 0x080002b3   Thumb Code     0  startup_stm32g431xx.o(.text)
    DMA1_Channel3_IRQHandler                 0x080002b3   Thumb Code     0  startup_stm32g431xx.o(.text)
    DMA1_Channel4_IRQHandler                 0x080002b3   Thumb Code     0  startup_stm32g431xx.o(.text)
    DMA1_Channel5_IRQHandler                 0x080002b3   Thumb Code     0  startup_stm32g431xx.o(.text)
    DMA1_Channel6_IRQHandler                 0x080002b3   Thumb Code     0  startup_stm32g431xx.o(.text)
    DMA2_Channel1_IRQHandler                 0x080002b3   Thumb Code     0  startup_stm32g431xx.o(.text)
    DMA2_Channel2_IRQHandler                 0x080002b3   Thumb Code     0  startup_stm32g431xx.o(.text)
    DMA2_Channel3_IRQHandler                 0x080002b3   Thumb Code     0  startup_stm32g431xx.o(.text)
    DMA2_Channel4_IRQHandler                 0x080002b3   Thumb Code     0  startup_stm32g431xx.o(.text)
    DMA2_Channel5_IRQHandler                 0x080002b3   Thumb Code     0  startup_stm32g431xx.o(.text)
    DMA2_Channel6_IRQHandler                 0x080002b3   Thumb Code     0  startup_stm32g431xx.o(.text)
    DMAMUX_OVR_IRQHandler                    0x080002b3   Thumb Code     0  startup_stm32g431xx.o(.text)
    EXTI0_IRQHandler                         0x080002b3   Thumb Code     0  startup_stm32g431xx.o(.text)
    EXTI15_10_IRQHandler                     0x080002b3   Thumb Code     0  startup_stm32g431xx.o(.text)
    EXTI1_IRQHandler                         0x080002b3   Thumb Code     0  startup_stm32g431xx.o(.text)
    EXTI2_IRQHandler                         0x080002b3   Thumb Code     0  startup_stm32g431xx.o(.text)
    EXTI3_IRQHandler                         0x080002b3   Thumb Code     0  startup_stm32g431xx.o(.text)
    EXTI4_IRQHandler                         0x080002b3   Thumb Code     0  startup_stm32g431xx.o(.text)
    EXTI9_5_IRQHandler                       0x080002b3   Thumb Code     0  startup_stm32g431xx.o(.text)
    FDCAN1_IT0_IRQHandler                    0x080002b3   Thumb Code     0  startup_stm32g431xx.o(.text)
    FDCAN1_IT1_IRQHandler                    0x080002b3   Thumb Code     0  startup_stm32g431xx.o(.text)
    FLASH_IRQHandler                         0x080002b3   Thumb Code     0  startup_stm32g431xx.o(.text)
    FMAC_IRQHandler                          0x080002b3   Thumb Code     0  startup_stm32g431xx.o(.text)
    FPU_IRQHandler                           0x080002b3   Thumb Code     0  startup_stm32g431xx.o(.text)
    I2C1_ER_IRQHandler                       0x080002b3   Thumb Code     0  startup_stm32g431xx.o(.text)
    I2C1_EV_IRQHandler                       0x080002b3   Thumb Code     0  startup_stm32g431xx.o(.text)
    I2C2_ER_IRQHandler                       0x080002b3   Thumb Code     0  startup_stm32g431xx.o(.text)
    I2C2_EV_IRQHandler                       0x080002b3   Thumb Code     0  startup_stm32g431xx.o(.text)
    I2C3_ER_IRQHandler                       0x080002b3   Thumb Code     0  startup_stm32g431xx.o(.text)
    I2C3_EV_IRQHandler                       0x080002b3   Thumb Code     0  startup_stm32g431xx.o(.text)
    LPTIM1_IRQHandler                        0x080002b3   Thumb Code     0  startup_stm32g431xx.o(.text)
    LPUART1_IRQHandler                       0x080002b3   Thumb Code     0  startup_stm32g431xx.o(.text)
    PVD_PVM_IRQHandler                       0x080002b3   Thumb Code     0  startup_stm32g431xx.o(.text)
    RCC_IRQHandler                           0x080002b3   Thumb Code     0  startup_stm32g431xx.o(.text)
    RNG_IRQHandler                           0x080002b3   Thumb Code     0  startup_stm32g431xx.o(.text)
    RTC_Alarm_IRQHandler                     0x080002b3   Thumb Code     0  startup_stm32g431xx.o(.text)
    RTC_TAMP_LSECSS_IRQHandler               0x080002b3   Thumb Code     0  startup_stm32g431xx.o(.text)
    RTC_WKUP_IRQHandler                      0x080002b3   Thumb Code     0  startup_stm32g431xx.o(.text)
    SAI1_IRQHandler                          0x080002b3   Thumb Code     0  startup_stm32g431xx.o(.text)
    SPI1_IRQHandler                          0x080002b3   Thumb Code     0  startup_stm32g431xx.o(.text)
    SPI2_IRQHandler                          0x080002b3   Thumb Code     0  startup_stm32g431xx.o(.text)
    SPI3_IRQHandler                          0x080002b3   Thumb Code     0  startup_stm32g431xx.o(.text)
    TIM1_BRK_TIM15_IRQHandler                0x080002b3   Thumb Code     0  startup_stm32g431xx.o(.text)
    TIM1_CC_IRQHandler                       0x080002b3   Thumb Code     0  startup_stm32g431xx.o(.text)
    TIM1_TRG_COM_TIM17_IRQHandler            0x080002b3   Thumb Code     0  startup_stm32g431xx.o(.text)
    TIM1_UP_TIM16_IRQHandler                 0x080002b3   Thumb Code     0  startup_stm32g431xx.o(.text)
    TIM6_DAC_IRQHandler                      0x080002b3   Thumb Code     0  startup_stm32g431xx.o(.text)
    TIM7_IRQHandler                          0x080002b3   Thumb Code     0  startup_stm32g431xx.o(.text)
    TIM8_BRK_IRQHandler                      0x080002b3   Thumb Code     0  startup_stm32g431xx.o(.text)
    TIM8_CC_IRQHandler                       0x080002b3   Thumb Code     0  startup_stm32g431xx.o(.text)
    TIM8_TRG_COM_IRQHandler                  0x080002b3   Thumb Code     0  startup_stm32g431xx.o(.text)
    TIM8_UP_IRQHandler                       0x080002b3   Thumb Code     0  startup_stm32g431xx.o(.text)
    UART4_IRQHandler                         0x080002b3   Thumb Code     0  startup_stm32g431xx.o(.text)
    UCPD1_IRQHandler                         0x080002b3   Thumb Code     0  startup_stm32g431xx.o(.text)
    USART1_IRQHandler                        0x080002b3   Thumb Code     0  startup_stm32g431xx.o(.text)
    USART2_IRQHandler                        0x080002b3   Thumb Code     0  startup_stm32g431xx.o(.text)
    USART3_IRQHandler                        0x080002b3   Thumb Code     0  startup_stm32g431xx.o(.text)
    USBWakeUp_IRQHandler                     0x080002b3   Thumb Code     0  startup_stm32g431xx.o(.text)
    USB_HP_IRQHandler                        0x080002b3   Thumb Code     0  startup_stm32g431xx.o(.text)
    USB_LP_IRQHandler                        0x080002b3   Thumb Code     0  startup_stm32g431xx.o(.text)
    WWDG_IRQHandler                          0x080002b3   Thumb Code     0  startup_stm32g431xx.o(.text)
    __user_initial_stackheap                 0x080002b5   Thumb Code     0  startup_stm32g431xx.o(.text)
    __2sprintf                               0x080002d9   Thumb Code    34  noretval__2sprintf.o(.text)
    _printf_int_dec                          0x08000301   Thumb Code   104  _printf_dec.o(.text)
    __printf                                 0x08000379   Thumb Code   270  __printf_wp.o(.text)
    __aeabi_memclr4                          0x08000487   Thumb Code     0  rt_memclr_w.o(.text)
    __aeabi_memclr8                          0x08000487   Thumb Code     0  rt_memclr_w.o(.text)
    __rt_memclr_w                            0x08000487   Thumb Code    78  rt_memclr_w.o(.text)
    _memset_w                                0x0800048b   Thumb Code     0  rt_memclr_w.o(.text)
    __use_two_region_memory                  0x080004d5   Thumb Code     2  heapauxi.o(.text)
    __rt_heap_escrow$2region                 0x080004d7   Thumb Code     2  heapauxi.o(.text)
    __rt_heap_expand$2region                 0x080004d9   Thumb Code     2  heapauxi.o(.text)
    _printf_int_common                       0x080004db   Thumb Code   178  _printf_intcommon.o(.text)
    __lib_sel_fp_printf                      0x0800058d   Thumb Code     2  _printf_fp_dec.o(.text)
    _printf_fp_dec_real                      0x0800073f   Thumb Code   620  _printf_fp_dec.o(.text)
    _printf_char_common                      0x080009b7   Thumb Code    32  _printf_char_common.o(.text)
    _sputc                                   0x080009dd   Thumb Code    10  _sputc.o(.text)
    __rt_locale                              0x080009e9   Thumb Code     8  rt_locale_intlibspace.o(.text)
    _ll_udiv10                               0x080009f1   Thumb Code   138  lludiv10.o(.text)
    _printf_fp_infnan                        0x08000a7d   Thumb Code   112  _printf_fp_infnan.o(.text)
    _btod_etento                             0x08000afd   Thumb Code   224  bigflt0.o(.text)
    __user_libspace                          0x08000be1   Thumb Code     8  libspace.o(.text)
    __user_perproc_libspace                  0x08000be1   Thumb Code     0  libspace.o(.text)
    __user_perthread_libspace                0x08000be1   Thumb Code     0  libspace.o(.text)
    __user_setup_stackheap                   0x08000be9   Thumb Code    74  sys_stackheap_outer.o(.text)
    exit                                     0x08000c33   Thumb Code    18  exit.o(.text)
    strcmp                                   0x08000c45   Thumb Code   128  strcmpv7m.o(.text)
    _sys_exit                                0x08000cc5   Thumb Code     8  sys_exit.o(.text)
    __I$use$semihosting                      0x08000cd1   Thumb Code     0  use_no_semi.o(.text)
    __use_no_semihosting_swi                 0x08000cd1   Thumb Code     2  use_no_semi.o(.text)
    __semihosting_library_function           0x08000cd3   Thumb Code     0  indicate_semi.o(.text)
    _btod_d2e                                0x08000cd3   Thumb Code    62  btod.o(CL$$btod_d2e)
    _d2e_denorm_low                          0x08000d11   Thumb Code    70  btod.o(CL$$btod_d2e_denorm_low)
    _d2e_norm_op1                            0x08000d57   Thumb Code    96  btod.o(CL$$btod_d2e_norm_op1)
    __btod_div_common                        0x08000db7   Thumb Code   696  btod.o(CL$$btod_div_common)
    _e2e                                     0x080010ef   Thumb Code   220  btod.o(CL$$btod_e2e)
    _btod_ediv                               0x080011cb   Thumb Code    42  btod.o(CL$$btod_ediv)
    _btod_emul                               0x080011f5   Thumb Code    42  btod.o(CL$$btod_emul)
    __btod_mult_common                       0x0800121f   Thumb Code   580  btod.o(CL$$btod_mult_common)
    BusFault_Handler                         0x08001463   Thumb Code     2  stm32g4xx_it.o(i.BusFault_Handler)
    DebugMon_Handler                         0x08001465   Thumb Code     2  stm32g4xx_it.o(i.DebugMon_Handler)
    Delay_LCD                                0x08001467   Thumb Code    28  lcd.o(i.Delay_LCD)
    Error_Handler                            0x08001483   Thumb Code     4  main.o(i.Error_Handler)
    HAL_Delay                                0x08001489   Thumb Code    32  stm32g4xx_hal.o(i.HAL_Delay)
    HAL_GPIO_Init                            0x080014ad   Thumb Code   550  stm32g4xx_hal_gpio.o(i.HAL_GPIO_Init)
    HAL_GPIO_ReadPin                         0x080016f5   Thumb Code    10  stm32g4xx_hal_gpio.o(i.HAL_GPIO_ReadPin)
    HAL_GPIO_WritePin                        0x080016ff   Thumb Code    10  stm32g4xx_hal_gpio.o(i.HAL_GPIO_WritePin)
    HAL_GetTick                              0x08001709   Thumb Code     6  stm32g4xx_hal.o(i.HAL_GetTick)
    HAL_IncTick                              0x08001715   Thumb Code    12  stm32g4xx_hal.o(i.HAL_IncTick)
    HAL_Init                                 0x08001725   Thumb Code    30  stm32g4xx_hal.o(i.HAL_Init)
    HAL_InitTick                             0x08001745   Thumb Code    58  stm32g4xx_hal.o(i.HAL_InitTick)
    HAL_MspInit                              0x08001789   Thumb Code    42  stm32g4xx_hal_msp.o(i.HAL_MspInit)
    HAL_NVIC_EnableIRQ                       0x080017b9   Thumb Code    26  stm32g4xx_hal_cortex.o(i.HAL_NVIC_EnableIRQ)
    HAL_NVIC_SetPriority                     0x080017d5   Thumb Code    60  stm32g4xx_hal_cortex.o(i.HAL_NVIC_SetPriority)
    HAL_NVIC_SetPriorityGrouping             0x08001815   Thumb Code    26  stm32g4xx_hal_cortex.o(i.HAL_NVIC_SetPriorityGrouping)
    HAL_PWREx_ControlVoltageScaling          0x08001839   Thumb Code   174  stm32g4xx_hal_pwr_ex.o(i.HAL_PWREx_ControlVoltageScaling)
    HAL_PWREx_DisableUCPDDeadBattery         0x080018f5   Thumb Code    12  stm32g4xx_hal_pwr_ex.o(i.HAL_PWREx_DisableUCPDDeadBattery)
    HAL_RCC_ClockConfig                      0x08001905   Thumb Code   444  stm32g4xx_hal_rcc.o(i.HAL_RCC_ClockConfig)
    HAL_RCC_GetSysClockFreq                  0x08001ae1   Thumb Code    98  stm32g4xx_hal_rcc.o(i.HAL_RCC_GetSysClockFreq)
    HAL_RCC_OscConfig                        0x08001b51   Thumb Code  1028  stm32g4xx_hal_rcc.o(i.HAL_RCC_OscConfig)
    HAL_SYSTICK_Config                       0x08001f55   Thumb Code    40  stm32g4xx_hal_cortex.o(i.HAL_SYSTICK_Config)
    HAL_TIMEx_Break2Callback                 0x08001f7d   Thumb Code     2  stm32g4xx_hal_tim_ex.o(i.HAL_TIMEx_Break2Callback)
    HAL_TIMEx_BreakCallback                  0x08001f7f   Thumb Code     2  stm32g4xx_hal_tim_ex.o(i.HAL_TIMEx_BreakCallback)
    HAL_TIMEx_CommutCallback                 0x08001f81   Thumb Code     2  stm32g4xx_hal_tim_ex.o(i.HAL_TIMEx_CommutCallback)
    HAL_TIMEx_DirectionChangeCallback        0x08001f83   Thumb Code     2  stm32g4xx_hal_tim_ex.o(i.HAL_TIMEx_DirectionChangeCallback)
    HAL_TIMEx_EncoderIndexCallback           0x08001f85   Thumb Code     2  stm32g4xx_hal_tim_ex.o(i.HAL_TIMEx_EncoderIndexCallback)
    HAL_TIMEx_IndexErrorCallback             0x08001f87   Thumb Code     2  stm32g4xx_hal_tim_ex.o(i.HAL_TIMEx_IndexErrorCallback)
    HAL_TIMEx_MasterConfigSynchronization    0x08001f89   Thumb Code   132  stm32g4xx_hal_tim_ex.o(i.HAL_TIMEx_MasterConfigSynchronization)
    HAL_TIMEx_TransitionErrorCallback        0x08002025   Thumb Code     2  stm32g4xx_hal_tim_ex.o(i.HAL_TIMEx_TransitionErrorCallback)
    HAL_TIM_Base_Init                        0x08002027   Thumb Code    98  stm32g4xx_hal_tim.o(i.HAL_TIM_Base_Init)
    HAL_TIM_Base_MspInit                     0x08002089   Thumb Code    50  tim.o(i.HAL_TIM_Base_MspInit)
    HAL_TIM_Base_Start_IT                    0x080020c5   Thumb Code    94  stm32g4xx_hal_tim.o(i.HAL_TIM_Base_Start_IT)
    HAL_TIM_ConfigClockSource                0x0800213d   Thumb Code   246  stm32g4xx_hal_tim.o(i.HAL_TIM_ConfigClockSource)
    HAL_TIM_IC_CaptureCallback               0x0800223d   Thumb Code   100  fun.o(i.HAL_TIM_IC_CaptureCallback)
    HAL_TIM_IC_ConfigChannel                 0x080022ad   Thumb Code   292  stm32g4xx_hal_tim.o(i.HAL_TIM_IC_ConfigChannel)
    HAL_TIM_IC_Init                          0x080023d1   Thumb Code    98  stm32g4xx_hal_tim.o(i.HAL_TIM_IC_Init)
    HAL_TIM_IC_MspInit                       0x08002435   Thumb Code   180  tim.o(i.HAL_TIM_IC_MspInit)
    HAL_TIM_IC_Start_IT                      0x080024f5   Thumb Code   274  stm32g4xx_hal_tim.o(i.HAL_TIM_IC_Start_IT)
    HAL_TIM_IRQHandler                       0x08002621   Thumb Code   418  stm32g4xx_hal_tim.o(i.HAL_TIM_IRQHandler)
    HAL_TIM_OC_DelayElapsedCallback          0x080027c3   Thumb Code     2  stm32g4xx_hal_tim.o(i.HAL_TIM_OC_DelayElapsedCallback)
    HAL_TIM_PWM_PulseFinishedCallback        0x080027c5   Thumb Code     2  stm32g4xx_hal_tim.o(i.HAL_TIM_PWM_PulseFinishedCallback)
    HAL_TIM_PeriodElapsedCallback            0x080027c9   Thumb Code   190  fun.o(i.HAL_TIM_PeriodElapsedCallback)
    HAL_TIM_ReadCapturedValue                0x08002891   Thumb Code    42  stm32g4xx_hal_tim.o(i.HAL_TIM_ReadCapturedValue)
    HAL_TIM_TriggerCallback                  0x080028bb   Thumb Code     2  stm32g4xx_hal_tim.o(i.HAL_TIM_TriggerCallback)
    HardFault_Handler                        0x080028bd   Thumb Code     2  stm32g4xx_it.o(i.HardFault_Handler)
    LCD_BusIn                                0x080028c1   Thumb Code    40  lcd.o(i.LCD_BusIn)
    LCD_BusOut                               0x080028ed   Thumb Code    42  lcd.o(i.LCD_BusOut)
    LCD_Clear                                0x0800291d   Thumb Code    48  lcd.o(i.LCD_Clear)
    LCD_CtrlLinesConfig                      0x08002951   Thumb Code   136  lcd.o(i.LCD_CtrlLinesConfig)
    LCD_DisplayChar                          0x080029e1   Thumb Code    18  lcd.o(i.LCD_DisplayChar)
    LCD_DisplayStringLine                    0x080029f9   Thumb Code    58  lcd.o(i.LCD_DisplayStringLine)
    LCD_DrawChar                             0x08002a39   Thumb Code    84  lcd.o(i.LCD_DrawChar)
    LCD_Init                                 0x08002a91   Thumb Code    54  lcd.o(i.LCD_Init)
    LCD_ReadReg                              0x08002ad1   Thumb Code   120  lcd.o(i.LCD_ReadReg)
    LCD_SetBackColor                         0x08002b51   Thumb Code    12  lcd.o(i.LCD_SetBackColor)
    LCD_SetCursor                            0x08002b61   Thumb Code    24  lcd.o(i.LCD_SetCursor)
    LCD_SetTextColor                         0x08002b79   Thumb Code    12  lcd.o(i.LCD_SetTextColor)
    LCD_WriteRAM                             0x08002b89   Thumb Code    80  lcd.o(i.LCD_WriteRAM)
    LCD_WriteRAM_Prepare                     0x08002be1   Thumb Code    82  lcd.o(i.LCD_WriteRAM_Prepare)
    LCD_WriteReg                             0x08002c3d   Thumb Code   100  lcd.o(i.LCD_WriteReg)
    MX_GPIO_Init                             0x08002ca9   Thumb Code   194  gpio.o(i.MX_GPIO_Init)
    MX_TIM2_Init                             0x08002d7d   Thumb Code   102  tim.o(i.MX_TIM2_Init)
    MX_TIM3_Init                             0x08002de9   Thumb Code   102  tim.o(i.MX_TIM3_Init)
    MX_TIM4_Init                             0x08002e59   Thumb Code    96  tim.o(i.MX_TIM4_Init)
    MemManage_Handler                        0x08002ec1   Thumb Code     2  stm32g4xx_it.o(i.MemManage_Handler)
    NMI_Handler                              0x08002ec3   Thumb Code     2  stm32g4xx_it.o(i.NMI_Handler)
    PendSV_Handler                           0x08002ec5   Thumb Code     2  stm32g4xx_it.o(i.PendSV_Handler)
    REG_8230_Init                            0x08002ec7   Thumb Code   274  lcd.o(i.REG_8230_Init)
    REG_932X_Init                            0x08002fd9   Thumb Code   514  lcd.o(i.REG_932X_Init)
    SVC_Handler                              0x080031db   Thumb Code     2  stm32g4xx_it.o(i.SVC_Handler)
    SysTick_Handler                          0x080031dd   Thumb Code     4  stm32g4xx_it.o(i.SysTick_Handler)
    SystemClock_Config                       0x080031e1   Thumb Code   102  main.o(i.SystemClock_Config)
    SystemInit                               0x08003249   Thumb Code    12  system_stm32g4xx.o(i.SystemInit)
    TIM2_IRQHandler                          0x08003259   Thumb Code     6  stm32g4xx_it.o(i.TIM2_IRQHandler)
    TIM3_IRQHandler                          0x08003265   Thumb Code     6  stm32g4xx_it.o(i.TIM3_IRQHandler)
    TIM4_IRQHandler                          0x08003271   Thumb Code     6  stm32g4xx_it.o(i.TIM4_IRQHandler)
    TIM_Base_SetConfig                       0x0800327d   Thumb Code   160  stm32g4xx_hal_tim.o(i.TIM_Base_SetConfig)
    TIM_CCxChannelCmd                        0x08003339   Thumb Code    26  stm32g4xx_hal_tim.o(i.TIM_CCxChannelCmd)
    TIM_ETR_SetConfig                        0x08003353   Thumb Code    20  stm32g4xx_hal_tim.o(i.TIM_ETR_SetConfig)
    TIM_TI1_SetConfig                        0x080033a1   Thumb Code    88  stm32g4xx_hal_tim.o(i.TIM_TI1_SetConfig)
    UsageFault_Handler                       0x08003467   Thumb Code     2  stm32g4xx_it.o(i.UsageFault_Handler)
    __ARM_fpclassify                         0x08003469   Thumb Code    48  fpclassify.o(i.__ARM_fpclassify)
    _is_digit                                0x080034b9   Thumb Code    14  __printf_wp.o(i._is_digit)
    change                                   0x080034c9   Thumb Code    68  fun.o(i.change)
    key_scan                                 0x08003511   Thumb Code   372  fun.o(i.key_scan)
    lcd_show                                 0x0800368d   Thumb Code   708  fun.o(i.lcd_show)
    led_pro                                  0x08003b29   Thumb Code    88  fun.o(i.led_pro)
    led_show                                 0x08003b85   Thumb Code    58  fun.o(i.led_show)
    main                                     0x08003bc9   Thumb Code    96  main.o(i.main)
    _get_lc_numeric                          0x08003c35   Thumb Code    44  lc_numeric_c.o(locale$$code)
    __aeabi_d2f                              0x08003c61   Thumb Code     0  d2f.o(x$fpl$d2f)
    _d2f                                     0x08003c61   Thumb Code    98  d2f.o(x$fpl$d2f)
    __aeabi_ddiv                             0x08003cc5   Thumb Code     0  ddiv.o(x$fpl$ddiv)
    _ddiv                                    0x08003cc5   Thumb Code   552  ddiv.o(x$fpl$ddiv)
    __aeabi_i2d                              0x08003f75   Thumb Code     0  dflt_clz.o(x$fpl$dflt)
    _dflt                                    0x08003f75   Thumb Code    46  dflt_clz.o(x$fpl$dflt)
    __aeabi_dmul                             0x08003fa5   Thumb Code     0  dmul.o(x$fpl$dmul)
    _dmul                                    0x08003fa5   Thumb Code   332  dmul.o(x$fpl$dmul)
    __fpl_dnaninf                            0x080040f9   Thumb Code   156  dnaninf.o(x$fpl$dnaninf)
    __fpl_dretinf                            0x08004195   Thumb Code    12  dretinf.o(x$fpl$dretinf)
    __aeabi_f2d                              0x080041a1   Thumb Code     0  f2d.o(x$fpl$f2d)
    _f2d                                     0x080041a1   Thumb Code    86  f2d.o(x$fpl$f2d)
    __fpl_fnaninf                            0x080041f7   Thumb Code   140  fnaninf.o(x$fpl$fnaninf)
    _fp_init                                 0x08004283   Thumb Code    10  fpinit.o(x$fpl$fpinit)
    __fplib_config_fpu_vfp                   0x0800428b   Thumb Code     0  fpinit.o(x$fpl$fpinit)
    __fplib_config_pureend_doubles           0x0800428b   Thumb Code     0  fpinit.o(x$fpl$fpinit)
    __fpl_fretinf                            0x0800428d   Thumb Code    10  fretinf.o(x$fpl$fretinf)
    _printf_fp_dec                           0x08004297   Thumb Code     4  printf1.o(x$fpl$printf1)
    ASCII_Table                              0x0800429a   Data        4560  lcd.o(.constdata)
    __I$use$fp                               0x0800429a   Number         0  usenofp.o(x$fpl$usenofp)
    AHBPrescTable                            0x0800546a   Data          16  system_stm32g4xx.o(.constdata)
    Region$$Table$$Base                      0x08005510   Number         0  anon$$obj.o(Region$$Table)
    Region$$Table$$Limit                     0x08005530   Number         0  anon$$obj.o(Region$$Table)
    uwTickPrio                               0x20000000   Data           4  stm32g4xx_hal.o(.data)
    uwTickFreq                               0x20000004   Data           4  stm32g4xx_hal.o(.data)
    uwTick                                   0x20000008   Data           4  stm32g4xx_hal.o(.data)
    dummy                                    0x20000010   Data           2  lcd.o(.data)
    view                                     0x20000014   Data           1  fun.o(.data)
    display_mode                             0x20000015   Data           1  fun.o(.data)
    current_parameter                        0x20000016   Data           1  fun.o(.data)
    NDA                                      0x20000017   Data           1  fun.o(.data)
    NDB                                      0x20000018   Data           1  fun.o(.data)
    NHA                                      0x20000019   Data           1  fun.o(.data)
    NHB                                      0x2000001a   Data           1  fun.o(.data)
    B1_last_state                            0x2000001b   Data           1  fun.o(.data)
    B2_last_state                            0x2000001c   Data           1  fun.o(.data)
    B3_last_state                            0x2000001d   Data           1  fun.o(.data)
    B4_last_state                            0x2000001e   Data           1  fun.o(.data)
    B3_pressd                                0x2000001f   Data           1  fun.o(.data)
    B1_state                                 0x20000020   Data           1  fun.o(.data)
    B2_state                                 0x20000021   Data           1  fun.o(.data)
    B3_state                                 0x20000022   Data           1  fun.o(.data)
    B4_state                                 0x20000023   Data           1  fun.o(.data)
    PD                                       0x20000024   Data           2  fun.o(.data)
    PH                                       0x20000026   Data           2  fun.o(.data)
    B3_press_dration                         0x20000028   Data           2  fun.o(.data)
    freA_capture                             0x2000002a   Data           2  fun.o(.data)
    freB_capture                             0x2000002c   Data           2  fun.o(.data)
    capture_A                                0x2000002e   Data           2  fun.o(.data)
    capture_B                                0x20000030   Data           2  fun.o(.data)
    NHA_flag                                 0x20000032   Data           2  fun.o(.data)
    NHB_flag                                 0x20000034   Data           2  fun.o(.data)
    timer_100ms                              0x20000036   Data           2  fun.o(.data)
    timerA_3s                                0x20000038   Data           2  fun.o(.data)
    timerB_3s                                0x2000003a   Data           2  fun.o(.data)
    PX                                       0x2000003c   Data           4  fun.o(.data)
    fre_a                                    0x20000040   Data           4  fun.o(.data)
    fre_b                                    0x20000044   Data           4  fun.o(.data)
    freA_max                                 0x20000048   Data           4  fun.o(.data)
    freB_max                                 0x2000004c   Data           4  fun.o(.data)
    freA_min                                 0x20000050   Data           4  fun.o(.data)
    freB_min                                 0x20000054   Data           4  fun.o(.data)
    SystemCoreClock                          0x20000058   Data           4  system_stm32g4xx.o(.data)
    htim2                                    0x2000005c   Data          76  tim.o(.bss)
    htim3                                    0x200000a8   Data          76  tim.o(.bss)
    htim4                                    0x200000f4   Data          76  tim.o(.bss)
    text                                     0x20000140   Data          20  fun.o(.bss)
    __libspace_start                         0x20000154   Data          96  libspace.o(.bss)
    __temporary_stack_top$libspace           0x200001b4   Data           0  libspace.o(.bss)



==============================================================================

Memory Map of the image

  Image Entry point : 0x080001d9

  Load Region LR_IROM1 (Base: 0x08000000, Size: 0x000055a8, Max: 0x00020000, ABSOLUTE)

    Execution Region ER_IROM1 (Exec base: 0x08000000, Load base: 0x08000000, Size: 0x0000554c, Max: 0x00020000, ABSOLUTE)

    Exec Addr    Load Addr    Size         Type   Attr      Idx    E Section Name        Object

    0x08000000   0x08000000   0x000001d8   Data   RO            3    RESET               startup_stm32g431xx.o
    0x080001d8   0x080001d8   0x00000008   Code   RO         3377  * !!!main             c_w.l(__main.o)
    0x080001e0   0x080001e0   0x00000034   Code   RO         3615    !!!scatter          c_w.l(__scatter.o)
    0x08000214   0x08000214   0x0000001a   Code   RO         3617    !!handler_copy      c_w.l(__scatter_copy.o)
    0x0800022e   0x0800022e   0x00000002   PAD
    0x08000230   0x08000230   0x0000001c   Code   RO         3619    !!handler_zi        c_w.l(__scatter_zi.o)
    0x0800024c   0x0800024c   0x00000000   Code   RO         3372    .ARM.Collect$$_printf_percent$$00000000  c_w.l(_printf_percent.o)
    0x0800024c   0x0800024c   0x00000006   Code   RO         3371    .ARM.Collect$$_printf_percent$$00000003  c_w.l(_printf_f.o)
    0x08000252   0x08000252   0x00000006   Code   RO         3370    .ARM.Collect$$_printf_percent$$00000009  c_w.l(_printf_d.o)
    0x08000258   0x08000258   0x00000004   Code   RO         3406    .ARM.Collect$$_printf_percent$$00000017  c_w.l(_printf_percent_end.o)
    0x0800025c   0x0800025c   0x00000002   Code   RO         3488    .ARM.Collect$$libinit$$00000000  c_w.l(libinit.o)
    0x0800025e   0x0800025e   0x00000004   Code   RO         3489    .ARM.Collect$$libinit$$00000001  c_w.l(libinit2.o)
    0x08000262   0x08000262   0x00000000   Code   RO         3492    .ARM.Collect$$libinit$$00000004  c_w.l(libinit2.o)
    0x08000262   0x08000262   0x00000000   Code   RO         3495    .ARM.Collect$$libinit$$0000000A  c_w.l(libinit2.o)
    0x08000262   0x08000262   0x00000000   Code   RO         3497    .ARM.Collect$$libinit$$0000000C  c_w.l(libinit2.o)
    0x08000262   0x08000262   0x00000000   Code   RO         3499    .ARM.Collect$$libinit$$0000000E  c_w.l(libinit2.o)
    0x08000262   0x08000262   0x00000006   Code   RO         3500    .ARM.Collect$$libinit$$0000000F  c_w.l(libinit2.o)
    0x08000268   0x08000268   0x00000000   Code   RO         3502    .ARM.Collect$$libinit$$00000011  c_w.l(libinit2.o)
    0x08000268   0x08000268   0x00000000   Code   RO         3504    .ARM.Collect$$libinit$$00000013  c_w.l(libinit2.o)
    0x08000268   0x08000268   0x00000000   Code   RO         3506    .ARM.Collect$$libinit$$00000015  c_w.l(libinit2.o)
    0x08000268   0x08000268   0x0000000a   Code   RO         3507    .ARM.Collect$$libinit$$00000016  c_w.l(libinit2.o)
    0x08000272   0x08000272   0x00000000   Code   RO         3508    .ARM.Collect$$libinit$$00000017  c_w.l(libinit2.o)
    0x08000272   0x08000272   0x00000000   Code   RO         3510    .ARM.Collect$$libinit$$00000019  c_w.l(libinit2.o)
    0x08000272   0x08000272   0x00000000   Code   RO         3512    .ARM.Collect$$libinit$$0000001B  c_w.l(libinit2.o)
    0x08000272   0x08000272   0x00000000   Code   RO         3514    .ARM.Collect$$libinit$$0000001D  c_w.l(libinit2.o)
    0x08000272   0x08000272   0x00000000   Code   RO         3516    .ARM.Collect$$libinit$$0000001F  c_w.l(libinit2.o)
    0x08000272   0x08000272   0x00000000   Code   RO         3518    .ARM.Collect$$libinit$$00000021  c_w.l(libinit2.o)
    0x08000272   0x08000272   0x00000000   Code   RO         3520    .ARM.Collect$$libinit$$00000023  c_w.l(libinit2.o)
    0x08000272   0x08000272   0x00000000   Code   RO         3522    .ARM.Collect$$libinit$$00000025  c_w.l(libinit2.o)
    0x08000272   0x08000272   0x00000000   Code   RO         3526    .ARM.Collect$$libinit$$0000002C  c_w.l(libinit2.o)
    0x08000272   0x08000272   0x00000000   Code   RO         3528    .ARM.Collect$$libinit$$0000002E  c_w.l(libinit2.o)
    0x08000272   0x08000272   0x00000000   Code   RO         3530    .ARM.Collect$$libinit$$00000030  c_w.l(libinit2.o)
    0x08000272   0x08000272   0x00000000   Code   RO         3532    .ARM.Collect$$libinit$$00000032  c_w.l(libinit2.o)
    0x08000272   0x08000272   0x00000002   Code   RO         3533    .ARM.Collect$$libinit$$00000033  c_w.l(libinit2.o)
    0x08000274   0x08000274   0x00000002   Code   RO         3563    .ARM.Collect$$libshutdown$$00000000  c_w.l(libshutdown.o)
    0x08000276   0x08000276   0x00000000   Code   RO         3574    .ARM.Collect$$libshutdown$$00000002  c_w.l(libshutdown2.o)
    0x08000276   0x08000276   0x00000000   Code   RO         3576    .ARM.Collect$$libshutdown$$00000004  c_w.l(libshutdown2.o)
    0x08000276   0x08000276   0x00000000   Code   RO         3579    .ARM.Collect$$libshutdown$$00000007  c_w.l(libshutdown2.o)
    0x08000276   0x08000276   0x00000000   Code   RO         3582    .ARM.Collect$$libshutdown$$0000000A  c_w.l(libshutdown2.o)
    0x08000276   0x08000276   0x00000000   Code   RO         3584    .ARM.Collect$$libshutdown$$0000000C  c_w.l(libshutdown2.o)
    0x08000276   0x08000276   0x00000000   Code   RO         3587    .ARM.Collect$$libshutdown$$0000000F  c_w.l(libshutdown2.o)
    0x08000276   0x08000276   0x00000002   Code   RO         3588    .ARM.Collect$$libshutdown$$00000010  c_w.l(libshutdown2.o)
    0x08000278   0x08000278   0x00000000   Code   RO         3397    .ARM.Collect$$rtentry$$00000000  c_w.l(__rtentry.o)
    0x08000278   0x08000278   0x00000000   Code   RO         3417    .ARM.Collect$$rtentry$$00000002  c_w.l(__rtentry2.o)
    0x08000278   0x08000278   0x00000006   Code   RO         3429    .ARM.Collect$$rtentry$$00000004  c_w.l(__rtentry4.o)
    0x0800027e   0x0800027e   0x00000000   Code   RO         3419    .ARM.Collect$$rtentry$$00000009  c_w.l(__rtentry2.o)
    0x0800027e   0x0800027e   0x00000004   Code   RO         3420    .ARM.Collect$$rtentry$$0000000A  c_w.l(__rtentry2.o)
    0x08000282   0x08000282   0x00000000   Code   RO         3422    .ARM.Collect$$rtentry$$0000000C  c_w.l(__rtentry2.o)
    0x08000282   0x08000282   0x00000008   Code   RO         3423    .ARM.Collect$$rtentry$$0000000D  c_w.l(__rtentry2.o)
    0x0800028a   0x0800028a   0x00000002   Code   RO         3534    .ARM.Collect$$rtexit$$00000000  c_w.l(rtexit.o)
    0x0800028c   0x0800028c   0x00000000   Code   RO         3541    .ARM.Collect$$rtexit$$00000002  c_w.l(rtexit2.o)
    0x0800028c   0x0800028c   0x00000004   Code   RO         3542    .ARM.Collect$$rtexit$$00000003  c_w.l(rtexit2.o)
    0x08000290   0x08000290   0x00000006   Code   RO         3543    .ARM.Collect$$rtexit$$00000004  c_w.l(rtexit2.o)
    0x08000296   0x08000296   0x00000002   PAD
    0x08000298   0x08000298   0x00000040   Code   RO            4    .text               startup_stm32g431xx.o
    0x080002d8   0x080002d8   0x00000028   Code   RO         3344    .text               c_w.l(noretval__2sprintf.o)
    0x08000300   0x08000300   0x00000078   Code   RO         3348    .text               c_w.l(_printf_dec.o)
    0x08000378   0x08000378   0x0000010e   Code   RO         3358    .text               c_w.l(__printf_wp.o)
    0x08000486   0x08000486   0x0000004e   Code   RO         3373    .text               c_w.l(rt_memclr_w.o)
    0x080004d4   0x080004d4   0x00000006   Code   RO         3375    .text               c_w.l(heapauxi.o)
    0x080004da   0x080004da   0x000000b2   Code   RO         3398    .text               c_w.l(_printf_intcommon.o)
    0x0800058c   0x0800058c   0x0000041e   Code   RO         3400    .text               c_w.l(_printf_fp_dec.o)
    0x080009aa   0x080009aa   0x00000002   PAD
    0x080009ac   0x080009ac   0x00000030   Code   RO         3402    .text               c_w.l(_printf_char_common.o)
    0x080009dc   0x080009dc   0x0000000a   Code   RO         3404    .text               c_w.l(_sputc.o)
    0x080009e6   0x080009e6   0x00000002   PAD
    0x080009e8   0x080009e8   0x00000008   Code   RO         3434    .text               c_w.l(rt_locale_intlibspace.o)
    0x080009f0   0x080009f0   0x0000008a   Code   RO         3436    .text               c_w.l(lludiv10.o)
    0x08000a7a   0x08000a7a   0x00000002   PAD
    0x08000a7c   0x08000a7c   0x00000080   Code   RO         3438    .text               c_w.l(_printf_fp_infnan.o)
    0x08000afc   0x08000afc   0x000000e4   Code   RO         3442    .text               c_w.l(bigflt0.o)
    0x08000be0   0x08000be0   0x00000008   Code   RO         3474    .text               c_w.l(libspace.o)
    0x08000be8   0x08000be8   0x0000004a   Code   RO         3477    .text               c_w.l(sys_stackheap_outer.o)
    0x08000c32   0x08000c32   0x00000012   Code   RO         3479    .text               c_w.l(exit.o)
    0x08000c44   0x08000c44   0x00000080   Code   RO         3481    .text               c_w.l(strcmpv7m.o)
    0x08000cc4   0x08000cc4   0x0000000c   Code   RO         3553    .text               c_w.l(sys_exit.o)
    0x08000cd0   0x08000cd0   0x00000002   Code   RO         3564    .text               c_w.l(use_no_semi.o)
    0x08000cd2   0x08000cd2   0x00000000   Code   RO         3566    .text               c_w.l(indicate_semi.o)
    0x08000cd2   0x08000cd2   0x0000003e   Code   RO         3445    CL$$btod_d2e        c_w.l(btod.o)
    0x08000d10   0x08000d10   0x00000046   Code   RO         3447    CL$$btod_d2e_denorm_low  c_w.l(btod.o)
    0x08000d56   0x08000d56   0x00000060   Code   RO         3446    CL$$btod_d2e_norm_op1  c_w.l(btod.o)
    0x08000db6   0x08000db6   0x00000338   Code   RO         3455    CL$$btod_div_common  c_w.l(btod.o)
    0x080010ee   0x080010ee   0x000000dc   Code   RO         3452    CL$$btod_e2e        c_w.l(btod.o)
    0x080011ca   0x080011ca   0x0000002a   Code   RO         3449    CL$$btod_ediv       c_w.l(btod.o)
    0x080011f4   0x080011f4   0x0000002a   Code   RO         3448    CL$$btod_emul       c_w.l(btod.o)
    0x0800121e   0x0800121e   0x00000244   Code   RO         3454    CL$$btod_mult_common  c_w.l(btod.o)
    0x08001462   0x08001462   0x00000002   Code   RO          257    i.BusFault_Handler  stm32g4xx_it.o
    0x08001464   0x08001464   0x00000002   Code   RO          258    i.DebugMon_Handler  stm32g4xx_it.o
    0x08001466   0x08001466   0x0000001c   Code   RO         3025    i.Delay_LCD         lcd.o
    0x08001482   0x08001482   0x00000004   Code   RO           13    i.Error_Handler     main.o
    0x08001486   0x08001486   0x00000002   PAD
    0x08001488   0x08001488   0x00000024   Code   RO         1767    i.HAL_Delay         stm32g4xx_hal.o
    0x080014ac   0x080014ac   0x00000248   Code   RO         2476    i.HAL_GPIO_Init     stm32g4xx_hal_gpio.o
    0x080016f4   0x080016f4   0x0000000a   Code   RO         2478    i.HAL_GPIO_ReadPin  stm32g4xx_hal_gpio.o
    0x080016fe   0x080016fe   0x0000000a   Code   RO         2480    i.HAL_GPIO_WritePin  stm32g4xx_hal_gpio.o
    0x08001708   0x08001708   0x0000000c   Code   RO         1771    i.HAL_GetTick       stm32g4xx_hal.o
    0x08001714   0x08001714   0x00000010   Code   RO         1777    i.HAL_IncTick       stm32g4xx_hal.o
    0x08001724   0x08001724   0x0000001e   Code   RO         1778    i.HAL_Init          stm32g4xx_hal.o
    0x08001742   0x08001742   0x00000002   PAD
    0x08001744   0x08001744   0x00000044   Code   RO         1779    i.HAL_InitTick      stm32g4xx_hal.o
    0x08001788   0x08001788   0x00000030   Code   RO          351    i.HAL_MspInit       stm32g4xx_hal_msp.o
    0x080017b8   0x080017b8   0x0000001a   Code   RO         2885    i.HAL_NVIC_EnableIRQ  stm32g4xx_hal_cortex.o
    0x080017d2   0x080017d2   0x00000002   PAD
    0x080017d4   0x080017d4   0x00000040   Code   RO         2891    i.HAL_NVIC_SetPriority  stm32g4xx_hal_cortex.o
    0x08001814   0x08001814   0x00000024   Code   RO         2892    i.HAL_NVIC_SetPriorityGrouping  stm32g4xx_hal_cortex.o
    0x08001838   0x08001838   0x000000bc   Code   RO          376    i.HAL_PWREx_ControlVoltageScaling  stm32g4xx_hal_pwr_ex.o
    0x080018f4   0x080018f4   0x00000010   Code   RO          388    i.HAL_PWREx_DisableUCPDDeadBattery  stm32g4xx_hal_pwr_ex.o
    0x08001904   0x08001904   0x000001dc   Code   RO         2013    i.HAL_RCC_ClockConfig  stm32g4xx_hal_rcc.o
    0x08001ae0   0x08001ae0   0x00000070   Code   RO         2023    i.HAL_RCC_GetSysClockFreq  stm32g4xx_hal_rcc.o
    0x08001b50   0x08001b50   0x00000404   Code   RO         2026    i.HAL_RCC_OscConfig  stm32g4xx_hal_rcc.o
    0x08001f54   0x08001f54   0x00000028   Code   RO         2896    i.HAL_SYSTICK_Config  stm32g4xx_hal_cortex.o
    0x08001f7c   0x08001f7c   0x00000002   Code   RO         1331    i.HAL_TIMEx_Break2Callback  stm32g4xx_hal_tim_ex.o
    0x08001f7e   0x08001f7e   0x00000002   Code   RO         1332    i.HAL_TIMEx_BreakCallback  stm32g4xx_hal_tim_ex.o
    0x08001f80   0x08001f80   0x00000002   Code   RO         1333    i.HAL_TIMEx_CommutCallback  stm32g4xx_hal_tim_ex.o
    0x08001f82   0x08001f82   0x00000002   Code   RO         1344    i.HAL_TIMEx_DirectionChangeCallback  stm32g4xx_hal_tim_ex.o
    0x08001f84   0x08001f84   0x00000002   Code   RO         1358    i.HAL_TIMEx_EncoderIndexCallback  stm32g4xx_hal_tim_ex.o
    0x08001f86   0x08001f86   0x00000002   Code   RO         1372    i.HAL_TIMEx_IndexErrorCallback  stm32g4xx_hal_tim_ex.o
    0x08001f88   0x08001f88   0x0000009c   Code   RO         1373    i.HAL_TIMEx_MasterConfigSynchronization  stm32g4xx_hal_tim_ex.o
    0x08002024   0x08002024   0x00000002   Code   RO         1394    i.HAL_TIMEx_TransitionErrorCallback  stm32g4xx_hal_tim_ex.o
    0x08002026   0x08002026   0x00000062   Code   RO          617    i.HAL_TIM_Base_Init  stm32g4xx_hal_tim.o
    0x08002088   0x08002088   0x0000003c   Code   RO          192    i.HAL_TIM_Base_MspInit  tim.o
    0x080020c4   0x080020c4   0x00000078   Code   RO          622    i.HAL_TIM_Base_Start_IT  stm32g4xx_hal_tim.o
    0x0800213c   0x0800213c   0x00000100   Code   RO          626    i.HAL_TIM_ConfigClockSource  stm32g4xx_hal_tim.o
    0x0800223c   0x0800223c   0x00000070   Code   RO         3235    i.HAL_TIM_IC_CaptureCallback  fun.o
    0x080022ac   0x080022ac   0x00000124   Code   RO          653    i.HAL_TIM_IC_ConfigChannel  stm32g4xx_hal_tim.o
    0x080023d0   0x080023d0   0x00000062   Code   RO          656    i.HAL_TIM_IC_Init   stm32g4xx_hal_tim.o
    0x08002432   0x08002432   0x00000002   PAD
    0x08002434   0x08002434   0x000000c0   Code   RO          194    i.HAL_TIM_IC_MspInit  tim.o
    0x080024f4   0x080024f4   0x0000012c   Code   RO          661    i.HAL_TIM_IC_Start_IT  stm32g4xx_hal_tim.o
    0x08002620   0x08002620   0x000001a2   Code   RO          665    i.HAL_TIM_IRQHandler  stm32g4xx_hal_tim.o
    0x080027c2   0x080027c2   0x00000002   Code   RO          668    i.HAL_TIM_OC_DelayElapsedCallback  stm32g4xx_hal_tim.o
    0x080027c4   0x080027c4   0x00000002   Code   RO          695    i.HAL_TIM_PWM_PulseFinishedCallback  stm32g4xx_hal_tim.o
    0x080027c6   0x080027c6   0x00000002   PAD
    0x080027c8   0x080027c8   0x000000c8   Code   RO         3236    i.HAL_TIM_PeriodElapsedCallback  fun.o
    0x08002890   0x08002890   0x0000002a   Code   RO          705    i.HAL_TIM_ReadCapturedValue  stm32g4xx_hal_tim.o
    0x080028ba   0x080028ba   0x00000002   Code   RO          708    i.HAL_TIM_TriggerCallback  stm32g4xx_hal_tim.o
    0x080028bc   0x080028bc   0x00000002   Code   RO          259    i.HardFault_Handler  stm32g4xx_it.o
    0x080028be   0x080028be   0x00000002   PAD
    0x080028c0   0x080028c0   0x0000002c   Code   RO         3026    i.LCD_BusIn         lcd.o
    0x080028ec   0x080028ec   0x00000030   Code   RO         3027    i.LCD_BusOut        lcd.o
    0x0800291c   0x0800291c   0x00000034   Code   RO         3028    i.LCD_Clear         lcd.o
    0x08002950   0x08002950   0x00000090   Code   RO         3030    i.LCD_CtrlLinesConfig  lcd.o
    0x080029e0   0x080029e0   0x00000018   Code   RO         3031    i.LCD_DisplayChar   lcd.o
    0x080029f8   0x080029f8   0x00000040   Code   RO         3034    i.LCD_DisplayStringLine  lcd.o
    0x08002a38   0x08002a38   0x00000058   Code   RO         3035    i.LCD_DrawChar      lcd.o
    0x08002a90   0x08002a90   0x00000040   Code   RO         3041    i.LCD_Init          lcd.o
    0x08002ad0   0x08002ad0   0x00000080   Code   RO         3044    i.LCD_ReadReg       lcd.o
    0x08002b50   0x08002b50   0x00000010   Code   RO         3045    i.LCD_SetBackColor  lcd.o
    0x08002b60   0x08002b60   0x00000018   Code   RO         3046    i.LCD_SetCursor     lcd.o
    0x08002b78   0x08002b78   0x00000010   Code   RO         3048    i.LCD_SetTextColor  lcd.o
    0x08002b88   0x08002b88   0x00000058   Code   RO         3051    i.LCD_WriteRAM      lcd.o
    0x08002be0   0x08002be0   0x0000005c   Code   RO         3052    i.LCD_WriteRAM_Prepare  lcd.o
    0x08002c3c   0x08002c3c   0x0000006c   Code   RO         3053    i.LCD_WriteReg      lcd.o
    0x08002ca8   0x08002ca8   0x000000d4   Code   RO          167    i.MX_GPIO_Init      gpio.o
    0x08002d7c   0x08002d7c   0x0000006c   Code   RO          195    i.MX_TIM2_Init      tim.o
    0x08002de8   0x08002de8   0x00000070   Code   RO          196    i.MX_TIM3_Init      tim.o
    0x08002e58   0x08002e58   0x00000068   Code   RO          197    i.MX_TIM4_Init      tim.o
    0x08002ec0   0x08002ec0   0x00000002   Code   RO          260    i.MemManage_Handler  stm32g4xx_it.o
    0x08002ec2   0x08002ec2   0x00000002   Code   RO          261    i.NMI_Handler       stm32g4xx_it.o
    0x08002ec4   0x08002ec4   0x00000002   Code   RO          262    i.PendSV_Handler    stm32g4xx_it.o
    0x08002ec6   0x08002ec6   0x00000112   Code   RO         3054    i.REG_8230_Init     lcd.o
    0x08002fd8   0x08002fd8   0x00000202   Code   RO         3055    i.REG_932X_Init     lcd.o
    0x080031da   0x080031da   0x00000002   Code   RO          263    i.SVC_Handler       stm32g4xx_it.o
    0x080031dc   0x080031dc   0x00000004   Code   RO          264    i.SysTick_Handler   stm32g4xx_it.o
    0x080031e0   0x080031e0   0x00000066   Code   RO           14    i.SystemClock_Config  main.o
    0x08003246   0x08003246   0x00000002   PAD
    0x08003248   0x08003248   0x00000010   Code   RO         3306    i.SystemInit        system_stm32g4xx.o
    0x08003258   0x08003258   0x0000000c   Code   RO          265    i.TIM2_IRQHandler   stm32g4xx_it.o
    0x08003264   0x08003264   0x0000000c   Code   RO          266    i.TIM3_IRQHandler   stm32g4xx_it.o
    0x08003270   0x08003270   0x0000000c   Code   RO          267    i.TIM4_IRQHandler   stm32g4xx_it.o
    0x0800327c   0x0800327c   0x000000bc   Code   RO          710    i.TIM_Base_SetConfig  stm32g4xx_hal_tim.o
    0x08003338   0x08003338   0x0000001a   Code   RO          711    i.TIM_CCxChannelCmd  stm32g4xx_hal_tim.o
    0x08003352   0x08003352   0x00000014   Code   RO          721    i.TIM_ETR_SetConfig  stm32g4xx_hal_tim.o
    0x08003366   0x08003366   0x00000002   PAD
    0x08003368   0x08003368   0x00000014   Code   RO          722    i.TIM_ITRx_SetConfig  stm32g4xx_hal_tim.o
    0x0800337c   0x0800337c   0x00000022   Code   RO          730    i.TIM_TI1_ConfigInputStage  stm32g4xx_hal_tim.o
    0x0800339e   0x0800339e   0x00000002   PAD
    0x080033a0   0x080033a0   0x0000006c   Code   RO          731    i.TIM_TI1_SetConfig  stm32g4xx_hal_tim.o
    0x0800340c   0x0800340c   0x00000024   Code   RO          732    i.TIM_TI2_ConfigInputStage  stm32g4xx_hal_tim.o
    0x08003430   0x08003430   0x00000036   Code   RO          733    i.TIM_TI2_SetConfig  stm32g4xx_hal_tim.o
    0x08003466   0x08003466   0x00000002   Code   RO          268    i.UsageFault_Handler  stm32g4xx_it.o
    0x08003468   0x08003468   0x00000030   Code   RO         3472    i.__ARM_fpclassify  m_wm.l(fpclassify.o)
    0x08003498   0x08003498   0x00000020   Code   RO         2898    i.__NVIC_SetPriority  stm32g4xx_hal_cortex.o
    0x080034b8   0x080034b8   0x0000000e   Code   RO         3360    i._is_digit         c_w.l(__printf_wp.o)
    0x080034c6   0x080034c6   0x00000002   PAD
    0x080034c8   0x080034c8   0x00000048   Code   RO         3237    i.change            fun.o
    0x08003510   0x08003510   0x0000017c   Code   RO         3238    i.key_scan          fun.o
    0x0800368c   0x0800368c   0x0000049c   Code   RO         3239    i.lcd_show          fun.o
    0x08003b28   0x08003b28   0x0000005c   Code   RO         3240    i.led_pro           fun.o
    0x08003b84   0x08003b84   0x00000044   Code   RO         3241    i.led_show          fun.o
    0x08003bc8   0x08003bc8   0x0000006c   Code   RO           15    i.main              main.o
    0x08003c34   0x08003c34   0x0000002c   Code   RO         3468    locale$$code        c_w.l(lc_numeric_c.o)
    0x08003c60   0x08003c60   0x00000062   Code   RO         3379    x$fpl$d2f           fz_wm.l(d2f.o)
    0x08003cc2   0x08003cc2   0x00000002   PAD
    0x08003cc4   0x08003cc4   0x000002b0   Code   RO         3382    x$fpl$ddiv          fz_wm.l(ddiv.o)
    0x08003f74   0x08003f74   0x0000002e   Code   RO         3386    x$fpl$dflt          fz_wm.l(dflt_clz.o)
    0x08003fa2   0x08003fa2   0x00000002   PAD
    0x08003fa4   0x08003fa4   0x00000154   Code   RO         3391    x$fpl$dmul          fz_wm.l(dmul.o)
    0x080040f8   0x080040f8   0x0000009c   Code   RO         3407    x$fpl$dnaninf       fz_wm.l(dnaninf.o)
    0x08004194   0x08004194   0x0000000c   Code   RO         3409    x$fpl$dretinf       fz_wm.l(dretinf.o)
    0x080041a0   0x080041a0   0x00000056   Code   RO         3393    x$fpl$f2d           fz_wm.l(f2d.o)
    0x080041f6   0x080041f6   0x0000008c   Code   RO         3411    x$fpl$fnaninf       fz_wm.l(fnaninf.o)
    0x08004282   0x08004282   0x0000000a   Code   RO         3538    x$fpl$fpinit        fz_wm.l(fpinit.o)
    0x0800428c   0x0800428c   0x0000000a   Code   RO         3413    x$fpl$fretinf       fz_wm.l(fretinf.o)
    0x08004296   0x08004296   0x00000004   Code   RO         3395    x$fpl$printf1       fz_wm.l(printf1.o)
    0x0800429a   0x0800429a   0x00000000   Code   RO         3415    x$fpl$usenofp       fz_wm.l(usenofp.o)
    0x0800429a   0x0800429a   0x000011d0   Data   RO         3056    .constdata          lcd.o
    0x0800546a   0x0800546a   0x00000010   Data   RO         3307    .constdata          system_stm32g4xx.o
    0x0800547a   0x0800547a   0x00000002   PAD
    0x0800547c   0x0800547c   0x00000094   Data   RO         3443    .constdata          c_w.l(bigflt0.o)
    0x08005510   0x08005510   0x00000020   Data   RO         3613    Region$$Table       anon$$obj.o
    0x08005530   0x08005530   0x0000001c   Data   RO         3467    locale$$data        c_w.l(lc_numeric_c.o)


    Execution Region RW_IRAM1 (Exec base: 0x20000000, Load base: 0x0800554c, Size: 0x000007b8, Max: 0x00008000, ABSOLUTE)

    Exec Addr    Load Addr    Size         Type   Attr      Idx    E Section Name        Object

    0x20000000   0x0800554c   0x0000000c   Data   RW         1798    .data               stm32g4xx_hal.o
    0x2000000c   0x08005558   0x00000006   Data   RW         3057    .data               lcd.o
    0x20000012   0x0800555e   0x00000002   PAD
    0x20000014   0x08005560   0x00000044   Data   RW         3243    .data               fun.o
    0x20000058   0x080055a4   0x00000004   Data   RW         3309    .data               system_stm32g4xx.o
    0x2000005c        -       0x000000e4   Zero   RW          198    .bss                tim.o
    0x20000140        -       0x00000014   Zero   RW         3242    .bss                fun.o
    0x20000154        -       0x00000060   Zero   RW         3475    .bss                c_w.l(libspace.o)
    0x200001b4   0x080055a8   0x00000004   PAD
    0x200001b8        -       0x00000200   Zero   RW            2    HEAP                startup_stm32g431xx.o
    0x200003b8        -       0x00000400   Zero   RW            1    STACK               startup_stm32g431xx.o


==============================================================================

Image component sizes


      Code (inc. data)   RO Data    RW Data    ZI Data      Debug   Object Name

      2104        520          0         68         20       6508   fun.o
       212         18          0          0          0       1015   gpio.o
      1816         90       4560          6          0      12948   lcd.o
       214         12          0          0          0     602632   main.o
        64         26        472          0       1536        840   startup_stm32g431xx.o
       162         24          0         12          0       4305   stm32g4xx_hal.o
       198         14          0          0          0      33819   stm32g4xx_hal_cortex.o
       604         34          0          0          0       2995   stm32g4xx_hal_gpio.o
        48          6          0          0          0        862   stm32g4xx_hal_msp.o
       204         18          0          0          0       1401   stm32g4xx_hal_pwr_ex.o
      1616         68          0          0          0       5074   stm32g4xx_hal_rcc.o
      2116        122          0          0          0      15931   stm32g4xx_hal_tim.o
       170         24          0          0          0       5412   stm32g4xx_hal_tim_ex.o
        56         18          0          0          0       5540   stm32g4xx_it.o
        16          4         16          4          0       1123   system_stm32g4xx.o
       576         46          0          0        228       3817   tim.o

    ----------------------------------------------------------------------
     10194       1044       5082         92       1784     704222   Object Totals
         0          0         32          0          0          0   (incl. Generated)
        18          0          2          2          0          0   (incl. Padding)

    ----------------------------------------------------------------------

      Code (inc. data)   RO Data    RW Data    ZI Data      Debug   Library Member Name

         8          0          0          0          0         68   __main.o
       284          0          0          0          0        156   __printf_wp.o
         0          0          0          0          0          0   __rtentry.o
        12          0          0          0          0          0   __rtentry2.o
         6          0          0          0          0          0   __rtentry4.o
        52          8          0          0          0          0   __scatter.o
        26          0          0          0          0          0   __scatter_copy.o
        28          0          0          0          0          0   __scatter_zi.o
        48          6          0          0          0         96   _printf_char_common.o
         6          0          0          0          0          0   _printf_d.o
       120         16          0          0          0         92   _printf_dec.o
         6          0          0          0          0          0   _printf_f.o
      1054          0          0          0          0        216   _printf_fp_dec.o
       128         16          0          0          0         84   _printf_fp_infnan.o
       178          0          0          0          0         88   _printf_intcommon.o
         0          0          0          0          0          0   _printf_percent.o
         4          0          0          0          0          0   _printf_percent_end.o
        10          0          0          0          0         68   _sputc.o
       228          4        148          0          0         96   bigflt0.o
      1936        128          0          0          0        672   btod.o
        18          0          0          0          0         80   exit.o
         6          0          0          0          0        152   heapauxi.o
         0          0          0          0          0          0   indicate_semi.o
        44         10         28          0          0         76   lc_numeric_c.o
         2          0          0          0          0          0   libinit.o
        22          0          0          0          0          0   libinit2.o
         2          0          0          0          0          0   libshutdown.o
         2          0          0          0          0          0   libshutdown2.o
         8          4          0          0         96         68   libspace.o
       138          0          0          0          0         80   lludiv10.o
        40          6          0          0          0         84   noretval__2sprintf.o
         8          4          0          0          0         68   rt_locale_intlibspace.o
        78          0          0          0          0         80   rt_memclr_w.o
         2          0          0          0          0          0   rtexit.o
        10          0          0          0          0          0   rtexit2.o
       128          0          0          0          0         68   strcmpv7m.o
        12          4          0          0          0         68   sys_exit.o
        74          0          0          0          0         80   sys_stackheap_outer.o
         2          0          0          0          0         68   use_no_semi.o
        98          4          0          0          0        140   d2f.o
       688        140          0          0          0        256   ddiv.o
        46          0          0          0          0        116   dflt_clz.o
       340         12          0          0          0        152   dmul.o
       156          4          0          0          0        140   dnaninf.o
        12          0          0          0          0        116   dretinf.o
        86          4          0          0          0        132   f2d.o
       140          4          0          0          0        132   fnaninf.o
        10          0          0          0          0        116   fpinit.o
        10          0          0          0          0        116   fretinf.o
         4          0          0          0          0        116   printf1.o
         0          0          0          0          0          0   usenofp.o
        48          0          0          0          0        124   fpclassify.o

    ----------------------------------------------------------------------
      6384        374        176          0        100       4264   Library Totals
        16          0          0          0          4          0   (incl. Padding)

    ----------------------------------------------------------------------

      Code (inc. data)   RO Data    RW Data    ZI Data      Debug   Library Name

      4730        206        176          0         96       2608   c_w.l
      1590        168          0          0          0       1532   fz_wm.l
        48          0          0          0          0        124   m_wm.l

    ----------------------------------------------------------------------
      6384        374        176          0        100       4264   Library Totals

    ----------------------------------------------------------------------

==============================================================================


      Code (inc. data)   RO Data    RW Data    ZI Data      Debug   

     16578       1418       5258         92       1884     697382   Grand Totals
     16578       1418       5258         92       1884     697382   ELF Image Totals
     16578       1418       5258         92          0          0   ROM Totals

==============================================================================

    Total RO  Size (Code + RO Data)                21836 (  21.32kB)
    Total RW  Size (RW Data + ZI Data)              1976 (   1.93kB)
    Total ROM Size (Code + RO Data + RW Data)      21928 (  21.41kB)

==============================================================================

